08:42:54 **** Clean-only build of configuration Debug for project HC_SR04 ****
make -j12 clean 
rm -rf ./Drivers/STM32F4xx_HAL_Driver/stm32f4xx_hal.cyclo ./Drivers/STM32F4xx_HAL_Driver/stm32f4xx_hal.d ./Drivers/STM32F4xx_HAL_Driver/stm32f4xx_hal.o ./Drivers/STM32F4xx_HAL_Driver/stm32f4xx_hal.su ./Drivers/STM32F4xx_HAL_Driver/stm32f4xx_hal_cortex.cyclo ./Drivers/STM32F4xx_HAL_Driver/stm32f4xx_hal_cortex.d ./Drivers/STM32F4xx_HAL_Driver/stm32f4xx_hal_cortex.o ./Drivers/STM32F4xx_HAL_Driver/stm32f4xx_hal_cortex.su ./Drivers/STM32F4xx_HAL_Driver/stm32f4xx_hal_dma.cyclo ./Drivers/STM32F4xx_HAL_Driver/stm32f4xx_hal_dma.d ./Drivers/STM32F4xx_HAL_Driver/stm32f4xx_hal_dma.o ./Drivers/STM32F4xx_HAL_Driver/stm32f4xx_hal_dma.su ./Drivers/STM32F4xx_HAL_Driver/stm32f4xx_hal_dma_ex.cyclo ./Drivers/STM32F4xx_HAL_Driver/stm32f4xx_hal_dma_ex.d ./Drivers/STM32F4xx_HAL_Driver/stm32f4xx_hal_dma_ex.o ./Drivers/STM32F4xx_HAL_Driver/stm32f4xx_hal_dma_ex.su ./Drivers/STM32F4xx_HAL_Driver/stm32f4xx_hal_exti.cyclo ./Drivers/STM32F4xx_HAL_Driver/stm32f4xx_hal_exti.d ./Drivers/STM32F4xx_HAL_Driver/stm32f4xx_hal_exti.o ./Drivers/STM32F4xx_HAL_Driver/stm32f4xx_hal_exti.su ./Drivers/STM32F4xx_HAL_Driver/stm32f4xx_hal_flash.cyclo ./Drivers/STM32F4xx_HAL_Driver/stm32f4xx_hal_flash.d ./Drivers/STM32F4xx_HAL_Driver/stm32f4xx_hal_flash.o ./Drivers/STM32F4xx_HAL_Driver/stm32f4xx_hal_flash.su ./Drivers/STM32F4xx_HAL_Driver/stm32f4xx_hal_flash_ex.cyclo ./Drivers/STM32F4xx_HAL_Driver/stm32f4xx_hal_flash_ex.d ./Drivers/STM32F4xx_HAL_Driver/stm32f4xx_hal_flash_ex.o ./Drivers/STM32F4xx_HAL_Driver/stm32f4xx_hal_flash_ex.su ./Drivers/STM32F4xx_HAL_Driver/stm32f4xx_hal_flash_ramfunc.cyclo ./Drivers/STM32F4xx_HAL_Driver/stm32f4xx_hal_flash_ramfunc.d ./Drivers/STM32F4xx_HAL_Driver/stm32f4xx_hal_flash_ramfunc.o ./Drivers/STM32F4xx_HAL_Driver/stm32f4xx_hal_flash_ramfunc.su ./Drivers/STM32F4xx_HAL_Driver/stm32f4xx_hal_gpio.cyclo ./Drivers/STM32F4xx_HAL_Driver/stm32f4xx_hal_gpio.d ./Drivers/STM32F4xx_HAL_Driver/stm32f4xx_hal_gpio.o ./Drivers/STM32F4xx_HAL_Driver/stm32f4xx_hal_gpio.su ./Drivers/STM32F4xx_HAL_Driver/stm32f4xx_hal_pwr.cyclo ./Drivers/STM32F4xx_HAL_Driver/stm32f4xx_hal_pwr.d ./Drivers/STM32F4xx_HAL_Driver/stm32f4xx_hal_pwr.o ./Drivers/STM32F4xx_HAL_Driver/stm32f4xx_hal_pwr.su ./Drivers/STM32F4xx_HAL_Driver/stm32f4xx_hal_pwr_ex.cyclo ./Drivers/STM32F4xx_HAL_Driver/stm32f4xx_hal_pwr_ex.d ./Drivers/STM32F4xx_HAL_Driver/stm32f4xx_hal_pwr_ex.o ./Drivers/STM32F4xx_HAL_Driver/stm32f4xx_hal_pwr_ex.su ./Drivers/STM32F4xx_HAL_Driver/stm32f4xx_hal_rcc.cyclo ./Drivers/STM32F4xx_HAL_Driver/stm32f4xx_hal_rcc.d ./Drivers/STM32F4xx_HAL_Driver/stm32f4xx_hal_rcc.o ./Drivers/STM32F4xx_HAL_Driver/stm32f4xx_hal_rcc.su ./Drivers/STM32F4xx_HAL_Driver/stm32f4xx_hal_rcc_ex.cyclo ./Drivers/STM32F4xx_HAL_Driver/stm32f4xx_hal_rcc_ex.d ./Drivers/STM32F4xx_HAL_Driver/stm32f4xx_hal_rcc_ex.o ./Drivers/STM32F4xx_HAL_Driver/stm32f4xx_hal_rcc_ex.su ./Drivers/STM32F4xx_HAL_Driver/stm32f4xx_hal_tim.cyclo ./Drivers/STM32F4xx_HAL_Driver/stm32f4xx_hal_tim.d ./Drivers/STM32F4xx_HAL_Driver/stm32f4xx_hal_tim.o ./Drivers/STM32F4xx_HAL_Driver/stm32f4xx_hal_tim.su ./Drivers/STM32F4xx_HAL_Driver/stm32f4xx_hal_tim_ex.cyclo ./Drivers/STM32F4xx_HAL_Driver/stm32f4xx_hal_tim_ex.d ./Drivers/STM32F4xx_HAL_Driver/stm32f4xx_hal_tim_ex.o ./Drivers/STM32F4xx_HAL_Driver/stm32f4xx_hal_tim_ex.su ./Drivers/STM32F4xx_HAL_Driver/stm32f4xx_hal_uart.cyclo ./Drivers/STM32F4xx_HAL_Driver/stm32f4xx_hal_uart.d ./Drivers/STM32F4xx_HAL_Driver/stm32f4xx_hal_uart.o ./Drivers/STM32F4xx_HAL_Driver/stm32f4xx_hal_uart.su
rm -rf ./Core/Startup/startup_stm32f429zitx.d ./Core/Startup/startup_stm32f429zitx.o
rm -rf ./Core/Src/main.cyclo ./Core/Src/main.d ./Core/Src/main.o ./Core/Src/main.su ./Core/Src/stm32f4xx_hal_msp.cyclo ./Core/Src/stm32f4xx_hal_msp.d ./Core/Src/stm32f4xx_hal_msp.o ./Core/Src/stm32f4xx_hal_msp.su ./Core/Src/stm32f4xx_it.cyclo ./Core/Src/stm32f4xx_it.d ./Core/Src/stm32f4xx_it.o ./Core/Src/stm32f4xx_it.su ./Core/Src/syscalls.cyclo ./Core/Src/syscalls.d ./Core/Src/syscalls.o ./Core/Src/syscalls.su ./Core/Src/sysmem.cyclo ./Core/Src/sysmem.d ./Core/Src/sysmem.o ./Core/Src/sysmem.su ./Core/Src/system_stm32f4xx.cyclo ./Core/Src/system_stm32f4xx.d ./Core/Src/system_stm32f4xx.o ./Core/Src/system_stm32f4xx.su
rm -rf HC_SR04.elf HC_SR04.list HC_SR04.map default.size.stdout
 
08:42:56 **** Build of configuration Debug for project HC_SR04 ****
make -j12 all 
arm-none-eabi-gcc "C:/Users/NXS/STM32Cube/Repository/STM32Cube_FW_F4_V1.28.1/Drivers/STM32F4xx_HAL_Driver/Src/stm32f4xx_hal.c" -mcpu=cortex-m4 -std=gnu11 -g3 -DDEBUG -DUSE_HAL_DRIVER -DSTM32F429xx -c -I../Core/Inc -IC:/Users/NXS/STM32Cube/Repository/STM32Cube_FW_F4_V1.28.1/Drivers/STM32F4xx_HAL_Driver/Inc -IC:/Users/NXS/STM32Cube/Repository/STM32Cube_FW_F4_V1.28.1/Drivers/STM32F4xx_HAL_Driver/Inc/Legacy -IC:/Users/NXS/STM32Cube/Repository/STM32Cube_FW_F4_V1.28.1/Drivers/CMSIS/Device/ST/STM32F4xx/Include -IC:/Users/NXS/STM32Cube/Repository/STM32Cube_FW_F4_V1.28.1/Drivers/CMSIS/Include -O0 -ffunction-sections -fdata-sections -Wall -fstack-usage -fcyclomatic-complexity -MMD -MP -MF"Drivers/STM32F4xx_HAL_Driver/stm32f4xx_hal.d" -MT"Drivers/STM32F4xx_HAL_Driver/stm32f4xx_hal.o" --specs=nano.specs -mfpu=fpv4-sp-d16 -mfloat-abi=hard -mthumb -o "Drivers/STM32F4xx_HAL_Driver/stm32f4xx_hal.o"
arm-none-eabi-gcc "C:/Users/NXS/STM32Cube/Repository/STM32Cube_FW_F4_V1.28.1/Drivers/STM32F4xx_HAL_Driver/Src/stm32f4xx_hal_cortex.c" -mcpu=cortex-m4 -std=gnu11 -g3 -DDEBUG -DUSE_HAL_DRIVER -DSTM32F429xx -c -I../Core/Inc -IC:/Users/NXS/STM32Cube/Repository/STM32Cube_FW_F4_V1.28.1/Drivers/STM32F4xx_HAL_Driver/Inc -IC:/Users/NXS/STM32Cube/Repository/STM32Cube_FW_F4_V1.28.1/Drivers/STM32F4xx_HAL_Driver/Inc/Legacy -IC:/Users/NXS/STM32Cube/Repository/STM32Cube_FW_F4_V1.28.1/Drivers/CMSIS/Device/ST/STM32F4xx/Include -IC:/Users/NXS/STM32Cube/Repository/STM32Cube_FW_F4_V1.28.1/Drivers/CMSIS/Include -O0 -ffunction-sections -fdata-sections -Wall -fstack-usage -fcyclomatic-complexity -MMD -MP -MF"Drivers/STM32F4xx_HAL_Driver/stm32f4xx_hal_cortex.d" -MT"Drivers/STM32F4xx_HAL_Driver/stm32f4xx_hal_cortex.o" --specs=nano.specs -mfpu=fpv4-sp-d16 -mfloat-abi=hard -mthumb -o "Drivers/STM32F4xx_HAL_Driver/stm32f4xx_hal_cortex.o"
arm-none-eabi-gcc "C:/Users/NXS/STM32Cube/Repository/STM32Cube_FW_F4_V1.28.1/Drivers/STM32F4xx_HAL_Driver/Src/stm32f4xx_hal_dma.c" -mcpu=cortex-m4 -std=gnu11 -g3 -DDEBUG -DUSE_HAL_DRIVER -DSTM32F429xx -c -I../Core/Inc -IC:/Users/NXS/STM32Cube/Repository/STM32Cube_FW_F4_V1.28.1/Drivers/STM32F4xx_HAL_Driver/Inc -IC:/Users/NXS/STM32Cube/Repository/STM32Cube_FW_F4_V1.28.1/Drivers/STM32F4xx_HAL_Driver/Inc/Legacy -IC:/Users/NXS/STM32Cube/Repository/STM32Cube_FW_F4_V1.28.1/Drivers/CMSIS/Device/ST/STM32F4xx/Include -IC:/Users/NXS/STM32Cube/Repository/STM32Cube_FW_F4_V1.28.1/Drivers/CMSIS/Include -O0 -ffunction-sections -fdata-sections -Wall -fstack-usage -fcyclomatic-complexity -MMD -MP -MF"Drivers/STM32F4xx_HAL_Driver/stm32f4xx_hal_dma.d" -MT"Drivers/STM32F4xx_HAL_Driver/stm32f4xx_hal_dma.o" --specs=nano.specs -mfpu=fpv4-sp-d16 -mfloat-abi=hard -mthumb -o "Drivers/STM32F4xx_HAL_Driver/stm32f4xx_hal_dma.o"
arm-none-eabi-gcc "C:/Users/NXS/STM32Cube/Repository/STM32Cube_FW_F4_V1.28.1/Drivers/STM32F4xx_HAL_Driver/Src/stm32f4xx_hal_dma_ex.c" -mcpu=cortex-m4 -std=gnu11 -g3 -DDEBUG -DUSE_HAL_DRIVER -DSTM32F429xx -c -I../Core/Inc -IC:/Users/NXS/STM32Cube/Repository/STM32Cube_FW_F4_V1.28.1/Drivers/STM32F4xx_HAL_Driver/Inc -IC:/Users/NXS/STM32Cube/Repository/STM32Cube_FW_F4_V1.28.1/Drivers/STM32F4xx_HAL_Driver/Inc/Legacy -IC:/Users/NXS/STM32Cube/Repository/STM32Cube_FW_F4_V1.28.1/Drivers/CMSIS/Device/ST/STM32F4xx/Include -IC:/Users/NXS/STM32Cube/Repository/STM32Cube_FW_F4_V1.28.1/Drivers/CMSIS/Include -O0 -ffunction-sections -fdata-sections -Wall -fstack-usage -fcyclomatic-complexity -MMD -MP -MF"Drivers/STM32F4xx_HAL_Driver/stm32f4xx_hal_dma_ex.d" -MT"Drivers/STM32F4xx_HAL_Driver/stm32f4xx_hal_dma_ex.o" --specs=nano.specs -mfpu=fpv4-sp-d16 -mfloat-abi=hard -mthumb -o "Drivers/STM32F4xx_HAL_Driver/stm32f4xx_hal_dma_ex.o"
arm-none-eabi-gcc "C:/Users/NXS/STM32Cube/Repository/STM32Cube_FW_F4_V1.28.1/Drivers/STM32F4xx_HAL_Driver/Src/stm32f4xx_hal_exti.c" -mcpu=cortex-m4 -std=gnu11 -g3 -DDEBUG -DUSE_HAL_DRIVER -DSTM32F429xx -c -I../Core/Inc -IC:/Users/NXS/STM32Cube/Repository/STM32Cube_FW_F4_V1.28.1/Drivers/STM32F4xx_HAL_Driver/Inc -IC:/Users/NXS/STM32Cube/Repository/STM32Cube_FW_F4_V1.28.1/Drivers/STM32F4xx_HAL_Driver/Inc/Legacy -IC:/Users/NXS/STM32Cube/Repository/STM32Cube_FW_F4_V1.28.1/Drivers/CMSIS/Device/ST/STM32F4xx/Include -IC:/Users/NXS/STM32Cube/Repository/STM32Cube_FW_F4_V1.28.1/Drivers/CMSIS/Include -O0 -ffunction-sections -fdata-sections -Wall -fstack-usage -fcyclomatic-complexity -MMD -MP -MF"Drivers/STM32F4xx_HAL_Driver/stm32f4xx_hal_exti.d" -MT"Drivers/STM32F4xx_HAL_Driver/stm32f4xx_hal_exti.o" --specs=nano.specs -mfpu=fpv4-sp-d16 -mfloat-abi=hard -mthumb -o "Drivers/STM32F4xx_HAL_Driver/stm32f4xx_hal_exti.o"
arm-none-eabi-gcc "C:/Users/NXS/STM32Cube/Repository/STM32Cube_FW_F4_V1.28.1/Drivers/STM32F4xx_HAL_Driver/Src/stm32f4xx_hal_flash.c" -mcpu=cortex-m4 -std=gnu11 -g3 -DDEBUG -DUSE_HAL_DRIVER -DSTM32F429xx -c -I../Core/Inc -IC:/Users/NXS/STM32Cube/Repository/STM32Cube_FW_F4_V1.28.1/Drivers/STM32F4xx_HAL_Driver/Inc -IC:/Users/NXS/STM32Cube/Repository/STM32Cube_FW_F4_V1.28.1/Drivers/STM32F4xx_HAL_Driver/Inc/Legacy -IC:/Users/NXS/STM32Cube/Repository/STM32Cube_FW_F4_V1.28.1/Drivers/CMSIS/Device/ST/STM32F4xx/Include -IC:/Users/NXS/STM32Cube/Repository/STM32Cube_FW_F4_V1.28.1/Drivers/CMSIS/Include -O0 -ffunction-sections -fdata-sections -Wall -fstack-usage -fcyclomatic-complexity -MMD -MP -MF"Drivers/STM32F4xx_HAL_Driver/stm32f4xx_hal_flash.d" -MT"Drivers/STM32F4xx_HAL_Driver/stm32f4xx_hal_flash.o" --specs=nano.specs -mfpu=fpv4-sp-d16 -mfloat-abi=hard -mthumb -o "Drivers/STM32F4xx_HAL_Driver/stm32f4xx_hal_flash.o"
arm-none-eabi-gcc "C:/Users/NXS/STM32Cube/Repository/STM32Cube_FW_F4_V1.28.1/Drivers/STM32F4xx_HAL_Driver/Src/stm32f4xx_hal_flash_ex.c" -mcpu=cortex-m4 -std=gnu11 -g3 -DDEBUG -DUSE_HAL_DRIVER -DSTM32F429xx -c -I../Core/Inc -IC:/Users/NXS/STM32Cube/Repository/STM32Cube_FW_F4_V1.28.1/Drivers/STM32F4xx_HAL_Driver/Inc -IC:/Users/NXS/STM32Cube/Repository/STM32Cube_FW_F4_V1.28.1/Drivers/STM32F4xx_HAL_Driver/Inc/Legacy -IC:/Users/NXS/STM32Cube/Repository/STM32Cube_FW_F4_V1.28.1/Drivers/CMSIS/Device/ST/STM32F4xx/Include -IC:/Users/NXS/STM32Cube/Repository/STM32Cube_FW_F4_V1.28.1/Drivers/CMSIS/Include -O0 -ffunction-sections -fdata-sections -Wall -fstack-usage -fcyclomatic-complexity -MMD -MP -MF"Drivers/STM32F4xx_HAL_Driver/stm32f4xx_hal_flash_ex.d" -MT"Drivers/STM32F4xx_HAL_Driver/stm32f4xx_hal_flash_ex.o" --specs=nano.specs -mfpu=fpv4-sp-d16 -mfloat-abi=hard -mthumb -o "Drivers/STM32F4xx_HAL_Driver/stm32f4xx_hal_flash_ex.o"
arm-none-eabi-gcc "C:/Users/NXS/STM32Cube/Repository/STM32Cube_FW_F4_V1.28.1/Drivers/STM32F4xx_HAL_Driver/Src/stm32f4xx_hal_flash_ramfunc.c" -mcpu=cortex-m4 -std=gnu11 -g3 -DDEBUG -DUSE_HAL_DRIVER -DSTM32F429xx -c -I../Core/Inc -IC:/Users/NXS/STM32Cube/Repository/STM32Cube_FW_F4_V1.28.1/Drivers/STM32F4xx_HAL_Driver/Inc -IC:/Users/NXS/STM32Cube/Repository/STM32Cube_FW_F4_V1.28.1/Drivers/STM32F4xx_HAL_Driver/Inc/Legacy -IC:/Users/NXS/STM32Cube/Repository/STM32Cube_FW_F4_V1.28.1/Drivers/CMSIS/Device/ST/STM32F4xx/Include -IC:/Users/NXS/STM32Cube/Repository/STM32Cube_FW_F4_V1.28.1/Drivers/CMSIS/Include -O0 -ffunction-sections -fdata-sections -Wall -fstack-usage -fcyclomatic-complexity -MMD -MP -MF"Drivers/STM32F4xx_HAL_Driver/stm32f4xx_hal_flash_ramfunc.d" -MT"Drivers/STM32F4xx_HAL_Driver/stm32f4xx_hal_flash_ramfunc.o" --specs=nano.specs -mfpu=fpv4-sp-d16 -mfloat-abi=hard -mthumb -o "Drivers/STM32F4xx_HAL_Driver/stm32f4xx_hal_flash_ramfunc.o"
arm-none-eabi-gcc "C:/Users/NXS/STM32Cube/Repository/STM32Cube_FW_F4_V1.28.1/Drivers/STM32F4xx_HAL_Driver/Src/stm32f4xx_hal_gpio.c" -mcpu=cortex-m4 -std=gnu11 -g3 -DDEBUG -DUSE_HAL_DRIVER -DSTM32F429xx -c -I../Core/Inc -IC:/Users/NXS/STM32Cube/Repository/STM32Cube_FW_F4_V1.28.1/Drivers/STM32F4xx_HAL_Driver/Inc -IC:/Users/NXS/STM32Cube/Repository/STM32Cube_FW_F4_V1.28.1/Drivers/STM32F4xx_HAL_Driver/Inc/Legacy -IC:/Users/NXS/STM32Cube/Repository/STM32Cube_FW_F4_V1.28.1/Drivers/CMSIS/Device/ST/STM32F4xx/Include -IC:/Users/NXS/STM32Cube/Repository/STM32Cube_FW_F4_V1.28.1/Drivers/CMSIS/Include -O0 -ffunction-sections -fdata-sections -Wall -fstack-usage -fcyclomatic-complexity -MMD -MP -MF"Drivers/STM32F4xx_HAL_Driver/stm32f4xx_hal_gpio.d" -MT"Drivers/STM32F4xx_HAL_Driver/stm32f4xx_hal_gpio.o" --specs=nano.specs -mfpu=fpv4-sp-d16 -mfloat-abi=hard -mthumb -o "Drivers/STM32F4xx_HAL_Driver/stm32f4xx_hal_gpio.o"
arm-none-eabi-gcc "C:/Users/NXS/STM32Cube/Repository/STM32Cube_FW_F4_V1.28.1/Drivers/STM32F4xx_HAL_Driver/Src/stm32f4xx_hal_pwr.c" -mcpu=cortex-m4 -std=gnu11 -g3 -DDEBUG -DUSE_HAL_DRIVER -DSTM32F429xx -c -I../Core/Inc -IC:/Users/NXS/STM32Cube/Repository/STM32Cube_FW_F4_V1.28.1/Drivers/STM32F4xx_HAL_Driver/Inc -IC:/Users/NXS/STM32Cube/Repository/STM32Cube_FW_F4_V1.28.1/Drivers/STM32F4xx_HAL_Driver/Inc/Legacy -IC:/Users/NXS/STM32Cube/Repository/STM32Cube_FW_F4_V1.28.1/Drivers/CMSIS/Device/ST/STM32F4xx/Include -IC:/Users/NXS/STM32Cube/Repository/STM32Cube_FW_F4_V1.28.1/Drivers/CMSIS/Include -O0 -ffunction-sections -fdata-sections -Wall -fstack-usage -fcyclomatic-complexity -MMD -MP -MF"Drivers/STM32F4xx_HAL_Driver/stm32f4xx_hal_pwr.d" -MT"Drivers/STM32F4xx_HAL_Driver/stm32f4xx_hal_pwr.o" --specs=nano.specs -mfpu=fpv4-sp-d16 -mfloat-abi=hard -mthumb -o "Drivers/STM32F4xx_HAL_Driver/stm32f4xx_hal_pwr.o"
arm-none-eabi-gcc "C:/Users/NXS/STM32Cube/Repository/STM32Cube_FW_F4_V1.28.1/Drivers/STM32F4xx_HAL_Driver/Src/stm32f4xx_hal_pwr_ex.c" -mcpu=cortex-m4 -std=gnu11 -g3 -DDEBUG -DUSE_HAL_DRIVER -DSTM32F429xx -c -I../Core/Inc -IC:/Users/NXS/STM32Cube/Repository/STM32Cube_FW_F4_V1.28.1/Drivers/STM32F4xx_HAL_Driver/Inc -IC:/Users/NXS/STM32Cube/Repository/STM32Cube_FW_F4_V1.28.1/Drivers/STM32F4xx_HAL_Driver/Inc/Legacy -IC:/Users/NXS/STM32Cube/Repository/STM32Cube_FW_F4_V1.28.1/Drivers/CMSIS/Device/ST/STM32F4xx/Include -IC:/Users/NXS/STM32Cube/Repository/STM32Cube_FW_F4_V1.28.1/Drivers/CMSIS/Include -O0 -ffunction-sections -fdata-sections -Wall -fstack-usage -fcyclomatic-complexity -MMD -MP -MF"Drivers/STM32F4xx_HAL_Driver/stm32f4xx_hal_pwr_ex.d" -MT"Drivers/STM32F4xx_HAL_Driver/stm32f4xx_hal_pwr_ex.o" --specs=nano.specs -mfpu=fpv4-sp-d16 -mfloat-abi=hard -mthumb -o "Drivers/STM32F4xx_HAL_Driver/stm32f4xx_hal_pwr_ex.o"
arm-none-eabi-gcc "C:/Users/NXS/STM32Cube/Repository/STM32Cube_FW_F4_V1.28.1/Drivers/STM32F4xx_HAL_Driver/Src/stm32f4xx_hal_rcc.c" -mcpu=cortex-m4 -std=gnu11 -g3 -DDEBUG -DUSE_HAL_DRIVER -DSTM32F429xx -c -I../Core/Inc -IC:/Users/NXS/STM32Cube/Repository/STM32Cube_FW_F4_V1.28.1/Drivers/STM32F4xx_HAL_Driver/Inc -IC:/Users/NXS/STM32Cube/Repository/STM32Cube_FW_F4_V1.28.1/Drivers/STM32F4xx_HAL_Driver/Inc/Legacy -IC:/Users/NXS/STM32Cube/Repository/STM32Cube_FW_F4_V1.28.1/Drivers/CMSIS/Device/ST/STM32F4xx/Include -IC:/Users/NXS/STM32Cube/Repository/STM32Cube_FW_F4_V1.28.1/Drivers/CMSIS/Include -O0 -ffunction-sections -fdata-sections -Wall -fstack-usage -fcyclomatic-complexity -MMD -MP -MF"Drivers/STM32F4xx_HAL_Driver/stm32f4xx_hal_rcc.d" -MT"Drivers/STM32F4xx_HAL_Driver/stm32f4xx_hal_rcc.o" --specs=nano.specs -mfpu=fpv4-sp-d16 -mfloat-abi=hard -mthumb -o "Drivers/STM32F4xx_HAL_Driver/stm32f4xx_hal_rcc.o"
arm-none-eabi-gcc "C:/Users/NXS/STM32Cube/Repository/STM32Cube_FW_F4_V1.28.1/Drivers/STM32F4xx_HAL_Driver/Src/stm32f4xx_hal_rcc_ex.c" -mcpu=cortex-m4 -std=gnu11 -g3 -DDEBUG -DUSE_HAL_DRIVER -DSTM32F429xx -c -I../Core/Inc -IC:/Users/NXS/STM32Cube/Repository/STM32Cube_FW_F4_V1.28.1/Drivers/STM32F4xx_HAL_Driver/Inc -IC:/Users/NXS/STM32Cube/Repository/STM32Cube_FW_F4_V1.28.1/Drivers/STM32F4xx_HAL_Driver/Inc/Legacy -IC:/Users/NXS/STM32Cube/Repository/STM32Cube_FW_F4_V1.28.1/Drivers/CMSIS/Device/ST/STM32F4xx/Include -IC:/Users/NXS/STM32Cube/Repository/STM32Cube_FW_F4_V1.28.1/Drivers/CMSIS/Include -O0 -ffunction-sections -fdata-sections -Wall -fstack-usage -fcyclomatic-complexity -MMD -MP -MF"Drivers/STM32F4xx_HAL_Driver/stm32f4xx_hal_rcc_ex.d" -MT"Drivers/STM32F4xx_HAL_Driver/stm32f4xx_hal_rcc_ex.o" --specs=nano.specs -mfpu=fpv4-sp-d16 -mfloat-abi=hard -mthumb -o "Drivers/STM32F4xx_HAL_Driver/stm32f4xx_hal_rcc_ex.o"
arm-none-eabi-gcc "C:/Users/NXS/STM32Cube/Repository/STM32Cube_FW_F4_V1.28.1/Drivers/STM32F4xx_HAL_Driver/Src/stm32f4xx_hal_tim.c" -mcpu=cortex-m4 -std=gnu11 -g3 -DDEBUG -DUSE_HAL_DRIVER -DSTM32F429xx -c -I../Core/Inc -IC:/Users/NXS/STM32Cube/Repository/STM32Cube_FW_F4_V1.28.1/Drivers/STM32F4xx_HAL_Driver/Inc -IC:/Users/NXS/STM32Cube/Repository/STM32Cube_FW_F4_V1.28.1/Drivers/STM32F4xx_HAL_Driver/Inc/Legacy -IC:/Users/NXS/STM32Cube/Repository/STM32Cube_FW_F4_V1.28.1/Drivers/CMSIS/Device/ST/STM32F4xx/Include -IC:/Users/NXS/STM32Cube/Repository/STM32Cube_FW_F4_V1.28.1/Drivers/CMSIS/Include -O0 -ffunction-sections -fdata-sections -Wall -fstack-usage -fcyclomatic-complexity -MMD -MP -MF"Drivers/STM32F4xx_HAL_Driver/stm32f4xx_hal_tim.d" -MT"Drivers/STM32F4xx_HAL_Driver/stm32f4xx_hal_tim.o" --specs=nano.specs -mfpu=fpv4-sp-d16 -mfloat-abi=hard -mthumb -o "Drivers/STM32F4xx_HAL_Driver/stm32f4xx_hal_tim.o"
arm-none-eabi-gcc "C:/Users/NXS/STM32Cube/Repository/STM32Cube_FW_F4_V1.28.1/Drivers/STM32F4xx_HAL_Driver/Src/stm32f4xx_hal_tim_ex.c" -mcpu=cortex-m4 -std=gnu11 -g3 -DDEBUG -DUSE_HAL_DRIVER -DSTM32F429xx -c -I../Core/Inc -IC:/Users/NXS/STM32Cube/Repository/STM32Cube_FW_F4_V1.28.1/Drivers/STM32F4xx_HAL_Driver/Inc -IC:/Users/NXS/STM32Cube/Repository/STM32Cube_FW_F4_V1.28.1/Drivers/STM32F4xx_HAL_Driver/Inc/Legacy -IC:/Users/NXS/STM32Cube/Repository/STM32Cube_FW_F4_V1.28.1/Drivers/CMSIS/Device/ST/STM32F4xx/Include -IC:/Users/NXS/STM32Cube/Repository/STM32Cube_FW_F4_V1.28.1/Drivers/CMSIS/Include -O0 -ffunction-sections -fdata-sections -Wall -fstack-usage -fcyclomatic-complexity -MMD -MP -MF"Drivers/STM32F4xx_HAL_Driver/stm32f4xx_hal_tim_ex.d" -MT"Drivers/STM32F4xx_HAL_Driver/stm32f4xx_hal_tim_ex.o" --specs=nano.specs -mfpu=fpv4-sp-d16 -mfloat-abi=hard -mthumb -o "Drivers/STM32F4xx_HAL_Driver/stm32f4xx_hal_tim_ex.o"
arm-none-eabi-gcc "C:/Users/NXS/STM32Cube/Repository/STM32Cube_FW_F4_V1.28.1/Drivers/STM32F4xx_HAL_Driver/Src/stm32f4xx_hal_uart.c" -mcpu=cortex-m4 -std=gnu11 -g3 -DDEBUG -DUSE_HAL_DRIVER -DSTM32F429xx -c -I../Core/Inc -IC:/Users/NXS/STM32Cube/Repository/STM32Cube_FW_F4_V1.28.1/Drivers/STM32F4xx_HAL_Driver/Inc -IC:/Users/NXS/STM32Cube/Repository/STM32Cube_FW_F4_V1.28.1/Drivers/STM32F4xx_HAL_Driver/Inc/Legacy -IC:/Users/NXS/STM32Cube/Repository/STM32Cube_FW_F4_V1.28.1/Drivers/CMSIS/Device/ST/STM32F4xx/Include -IC:/Users/NXS/STM32Cube/Repository/STM32Cube_FW_F4_V1.28.1/Drivers/CMSIS/Include -O0 -ffunction-sections -fdata-sections -Wall -fstack-usage -fcyclomatic-complexity -MMD -MP -MF"Drivers/STM32F4xx_HAL_Driver/stm32f4xx_hal_uart.d" -MT"Drivers/STM32F4xx_HAL_Driver/stm32f4xx_hal_uart.o" --specs=nano.specs -mfpu=fpv4-sp-d16 -mfloat-abi=hard -mthumb -o "Drivers/STM32F4xx_HAL_Driver/stm32f4xx_hal_uart.o"
arm-none-eabi-gcc -mcpu=cortex-m4 -g3 -DDEBUG -c -x assembler-with-cpp -MMD -MP -MF"Core/Startup/startup_stm32f429zitx.d" -MT"Core/Startup/startup_stm32f429zitx.o" --specs=nano.specs -mfpu=fpv4-sp-d16 -mfloat-abi=hard -mthumb -o "Core/Startup/startup_stm32f429zitx.o" "../Core/Startup/startup_stm32f429zitx.s"
arm-none-eabi-gcc "../Core/Src/main.c" -mcpu=cortex-m4 -std=gnu11 -g3 -DDEBUG -DUSE_HAL_DRIVER -DSTM32F429xx -c -I../Core/Inc -IC:/Users/NXS/STM32Cube/Repository/STM32Cube_FW_F4_V1.28.1/Drivers/STM32F4xx_HAL_Driver/Inc -IC:/Users/NXS/STM32Cube/Repository/STM32Cube_FW_F4_V1.28.1/Drivers/STM32F4xx_HAL_Driver/Inc/Legacy -IC:/Users/NXS/STM32Cube/Repository/STM32Cube_FW_F4_V1.28.1/Drivers/CMSIS/Device/ST/STM32F4xx/Include -IC:/Users/NXS/STM32Cube/Repository/STM32Cube_FW_F4_V1.28.1/Drivers/CMSIS/Include -O0 -ffunction-sections -fdata-sections -Wall -fstack-usage -fcyclomatic-complexity -MMD -MP -MF"Core/Src/main.d" -MT"Core/Src/main.o" --specs=nano.specs -mfpu=fpv4-sp-d16 -mfloat-abi=hard -mthumb -o "Core/Src/main.o"
arm-none-eabi-gcc "../Core/Src/stm32f4xx_hal_msp.c" -mcpu=cortex-m4 -std=gnu11 -g3 -DDEBUG -DUSE_HAL_DRIVER -DSTM32F429xx -c -I../Core/Inc -IC:/Users/NXS/STM32Cube/Repository/STM32Cube_FW_F4_V1.28.1/Drivers/STM32F4xx_HAL_Driver/Inc -IC:/Users/NXS/STM32Cube/Repository/STM32Cube_FW_F4_V1.28.1/Drivers/STM32F4xx_HAL_Driver/Inc/Legacy -IC:/Users/NXS/STM32Cube/Repository/STM32Cube_FW_F4_V1.28.1/Drivers/CMSIS/Device/ST/STM32F4xx/Include -IC:/Users/NXS/STM32Cube/Repository/STM32Cube_FW_F4_V1.28.1/Drivers/CMSIS/Include -O0 -ffunction-sections -fdata-sections -Wall -fstack-usage -fcyclomatic-complexity -MMD -MP -MF"Core/Src/stm32f4xx_hal_msp.d" -MT"Core/Src/stm32f4xx_hal_msp.o" --specs=nano.specs -mfpu=fpv4-sp-d16 -mfloat-abi=hard -mthumb -o "Core/Src/stm32f4xx_hal_msp.o"
arm-none-eabi-gcc "../Core/Src/stm32f4xx_it.c" -mcpu=cortex-m4 -std=gnu11 -g3 -DDEBUG -DUSE_HAL_DRIVER -DSTM32F429xx -c -I../Core/Inc -IC:/Users/NXS/STM32Cube/Repository/STM32Cube_FW_F4_V1.28.1/Drivers/STM32F4xx_HAL_Driver/Inc -IC:/Users/NXS/STM32Cube/Repository/STM32Cube_FW_F4_V1.28.1/Drivers/STM32F4xx_HAL_Driver/Inc/Legacy -IC:/Users/NXS/STM32Cube/Repository/STM32Cube_FW_F4_V1.28.1/Drivers/CMSIS/Device/ST/STM32F4xx/Include -IC:/Users/NXS/STM32Cube/Repository/STM32Cube_FW_F4_V1.28.1/Drivers/CMSIS/Include -O0 -ffunction-sections -fdata-sections -Wall -fstack-usage -fcyclomatic-complexity -MMD -MP -MF"Core/Src/stm32f4xx_it.d" -MT"Core/Src/stm32f4xx_it.o" --specs=nano.specs -mfpu=fpv4-sp-d16 -mfloat-abi=hard -mthumb -o "Core/Src/stm32f4xx_it.o"
arm-none-eabi-gcc "../Core/Src/syscalls.c" -mcpu=cortex-m4 -std=gnu11 -g3 -DDEBUG -DUSE_HAL_DRIVER -DSTM32F429xx -c -I../Core/Inc -IC:/Users/NXS/STM32Cube/Repository/STM32Cube_FW_F4_V1.28.1/Drivers/STM32F4xx_HAL_Driver/Inc -IC:/Users/NXS/STM32Cube/Repository/STM32Cube_FW_F4_V1.28.1/Drivers/STM32F4xx_HAL_Driver/Inc/Legacy -IC:/Users/NXS/STM32Cube/Repository/STM32Cube_FW_F4_V1.28.1/Drivers/CMSIS/Device/ST/STM32F4xx/Include -IC:/Users/NXS/STM32Cube/Repository/STM32Cube_FW_F4_V1.28.1/Drivers/CMSIS/Include -O0 -ffunction-sections -fdata-sections -Wall -fstack-usage -fcyclomatic-complexity -MMD -MP -MF"Core/Src/syscalls.d" -MT"Core/Src/syscalls.o" --specs=nano.specs -mfpu=fpv4-sp-d16 -mfloat-abi=hard -mthumb -o "Core/Src/syscalls.o"
arm-none-eabi-gcc "../Core/Src/sysmem.c" -mcpu=cortex-m4 -std=gnu11 -g3 -DDEBUG -DUSE_HAL_DRIVER -DSTM32F429xx -c -I../Core/Inc -IC:/Users/NXS/STM32Cube/Repository/STM32Cube_FW_F4_V1.28.1/Drivers/STM32F4xx_HAL_Driver/Inc -IC:/Users/NXS/STM32Cube/Repository/STM32Cube_FW_F4_V1.28.1/Drivers/STM32F4xx_HAL_Driver/Inc/Legacy -IC:/Users/NXS/STM32Cube/Repository/STM32Cube_FW_F4_V1.28.1/Drivers/CMSIS/Device/ST/STM32F4xx/Include -IC:/Users/NXS/STM32Cube/Repository/STM32Cube_FW_F4_V1.28.1/Drivers/CMSIS/Include -O0 -ffunction-sections -fdata-sections -Wall -fstack-usage -fcyclomatic-complexity -MMD -MP -MF"Core/Src/sysmem.d" -MT"Core/Src/sysmem.o" --specs=nano.specs -mfpu=fpv4-sp-d16 -mfloat-abi=hard -mthumb -o "Core/Src/sysmem.o"
arm-none-eabi-gcc "../Core/Src/system_stm32f4xx.c" -mcpu=cortex-m4 -std=gnu11 -g3 -DDEBUG -DUSE_HAL_DRIVER -DSTM32F429xx -c -I../Core/Inc -IC:/Users/NXS/STM32Cube/Repository/STM32Cube_FW_F4_V1.28.1/Drivers/STM32F4xx_HAL_Driver/Inc -IC:/Users/NXS/STM32Cube/Repository/STM32Cube_FW_F4_V1.28.1/Drivers/STM32F4xx_HAL_Driver/Inc/Legacy -IC:/Users/NXS/STM32Cube/Repository/STM32Cube_FW_F4_V1.28.1/Drivers/CMSIS/Device/ST/STM32F4xx/Include -IC:/Users/NXS/STM32Cube/Repository/STM32Cube_FW_F4_V1.28.1/Drivers/CMSIS/Include -O0 -ffunction-sections -fdata-sections -Wall -fstack-usage -fcyclomatic-complexity -MMD -MP -MF"Core/Src/system_stm32f4xx.d" -MT"Core/Src/system_stm32f4xx.o" --specs=nano.specs -mfpu=fpv4-sp-d16 -mfloat-abi=hard -mthumb -o "Core/Src/system_stm32f4xx.o"
../Core/Src/stm32f4xx_it.c: In function 'EXTI15_10_IRQHandler':
../Core/Src/stm32f4xx_it.c:273:17: warning: implicit declaration of function 'sprintf' [-Wimplicit-function-declaration]
  273 |                 sprintf((char *)uarft_trans_buffer, "Distance: %d cm\r\n", distance);
      |                 ^~~~~~~
../Core/Src/stm32f4xx_it.c:26:1: note: include '<stdio.h>' or provide a declaration of 'sprintf'
   25 | #include <string.h>                                     //Tạo nội dung để gửi về máy tính qua UART - COM để debug
  +++ |+#include <stdio.h>
   26 | /* USER CODE END Includes */
../Core/Src/stm32f4xx_it.c:273:17: warning: incompatible implicit declaration of built-in function 'sprintf' [-Wbuiltin-declaration-mismatch]
  273 |                 sprintf((char *)uarft_trans_buffer, "Distance: %d cm\r\n", distance);
      |                 ^~~~~~~
../Core/Src/stm32f4xx_it.c:273:17: note: include '<stdio.h>' or provide a declaration of 'sprintf'
arm-none-eabi-gcc -o "HC_SR04.elf" @"objects.list"   -mcpu=cortex-m4 -T"D:\DT\Learn\20252\6.HeNhung\he_nhung\BTLT\B7\STM32F429-HC_SR04\STM32F429ZITX_FLASH.ld" --specs=nosys.specs -Wl,-Map="HC_SR04.map" -Wl,--gc-sections -static --specs=nano.specs -mfpu=fpv4-sp-d16 -mfloat-abi=hard -mthumb -Wl,--start-group -lc -lm -Wl,--end-group
Finished building target: HC_SR04.elf
 
arm-none-eabi-size  HC_SR04.elf 
arm-none-eabi-objdump -h -S HC_SR04.elf  > "HC_SR04.list"
   text	   data	    bss	    dec	    hex	filename
  13888	     92	   2180	  16160	   3f20	HC_SR04.elf
Finished building: default.size.stdout
 
Finished building: HC_SR04.list
 
08:44:12 **** Build of configuration Debug for project HC_SR04 ****
make -j12 all 
arm-none-eabi-size  HC_SR04.elf 
   text	   data	    bss	    dec	    hex	filename
  13888	     92	   2180	  16160	   3f20	HC_SR04.elf
Finished building: default.size.stdout
 
08:54:19 **** Build of configuration Debug for project HC_SR04 ****
make -j12 all 
arm-none-eabi-size  HC_SR04.elf 
   text	   data	    bss	    dec	    hex	filename
  13888	     92	   2180	  16160	   3f20	HC_SR04.elf
Finished building: default.size.stdout
 
09:01:27 **** Build of configuration Debug for project HC_SR04 ****
make -j12 all 
arm-none-eabi-gcc "../Core/Src/main.c" -mcpu=cortex-m4 -std=gnu11 -g3 -DDEBUG -DUSE_HAL_DRIVER -DSTM32F429xx -c -I../Core/Inc -IC:/Users/NXS/STM32Cube/Repository/STM32Cube_FW_F4_V1.28.1/Drivers/STM32F4xx_HAL_Driver/Inc -IC:/Users/NXS/STM32Cube/Repository/STM32Cube_FW_F4_V1.28.1/Drivers/STM32F4xx_HAL_Driver/Inc/Legacy -IC:/Users/NXS/STM32Cube/Repository/STM32Cube_FW_F4_V1.28.1/Drivers/CMSIS/Device/ST/STM32F4xx/Include -IC:/Users/NXS/STM32Cube/Repository/STM32Cube_FW_F4_V1.28.1/Drivers/CMSIS/Include -O0 -ffunction-sections -fdata-sections -Wall -fstack-usage -fcyclomatic-complexity -MMD -MP -MF"Core/Src/main.d" -MT"Core/Src/main.o" --specs=nano.specs -mfpu=fpv4-sp-d16 -mfloat-abi=hard -mthumb -o "Core/Src/main.o"
arm-none-eabi-gcc "../Core/Src/stm32f4xx_it.c" -mcpu=cortex-m4 -std=gnu11 -g3 -DDEBUG -DUSE_HAL_DRIVER -DSTM32F429xx -c -I../Core/Inc -IC:/Users/NXS/STM32Cube/Repository/STM32Cube_FW_F4_V1.28.1/Drivers/STM32F4xx_HAL_Driver/Inc -IC:/Users/NXS/STM32Cube/Repository/STM32Cube_FW_F4_V1.28.1/Drivers/STM32F4xx_HAL_Driver/Inc/Legacy -IC:/Users/NXS/STM32Cube/Repository/STM32Cube_FW_F4_V1.28.1/Drivers/CMSIS/Device/ST/STM32F4xx/Include -IC:/Users/NXS/STM32Cube/Repository/STM32Cube_FW_F4_V1.28.1/Drivers/CMSIS/Include -O0 -ffunction-sections -fdata-sections -Wall -fstack-usage -fcyclomatic-complexity -MMD -MP -MF"Core/Src/stm32f4xx_it.d" -MT"Core/Src/stm32f4xx_it.o" --specs=nano.specs -mfpu=fpv4-sp-d16 -mfloat-abi=hard -mthumb -o "Core/Src/stm32f4xx_it.o"
../Core/Src/stm32f4xx_it.c: In function 'EXTI15_10_IRQHandler':
../Core/Src/stm32f4xx_it.c:279:17: warning: implicit declaration of function 'sprintf' [-Wimplicit-function-declaration]
  279 |                 sprintf((char *)uarft_trans_buffer, "Distance: %d cm\r\n", distance);
      |                 ^~~~~~~
../Core/Src/stm32f4xx_it.c:26:1: note: include '<stdio.h>' or provide a declaration of 'sprintf'
   25 | #include <string.h>                                     //Tạo nội dung để gửi về máy tính qua UART - COM để debug
  +++ |+#include <stdio.h>
   26 | /* USER CODE END Includes */
../Core/Src/stm32f4xx_it.c:279:17: warning: incompatible implicit declaration of built-in function 'sprintf' [-Wbuiltin-declaration-mismatch]
  279 |                 sprintf((char *)uarft_trans_buffer, "Distance: %d cm\r\n", distance);
      |                 ^~~~~~~
../Core/Src/stm32f4xx_it.c:279:17: note: include '<stdio.h>' or provide a declaration of 'sprintf'
arm-none-eabi-gcc -o "HC_SR04.elf" @"objects.list"   -mcpu=cortex-m4 -T"D:\DT\Learn\20252\6.HeNhung\he_nhung\BTLT\B8\STM32F429-HC_SR04\STM32F429ZITX_FLASH.ld" --specs=nosys.specs -Wl,-Map="HC_SR04.map" -Wl,--gc-sections -static --specs=nano.specs -mfpu=fpv4-sp-d16 -mfloat-abi=hard -mthumb -Wl,--start-group -lc -lm -Wl,--end-group
Finished building target: HC_SR04.elf
 
arm-none-eabi-size  HC_SR04.elf 
arm-none-eabi-objdump -h -S HC_SR04.elf  > "HC_SR04.list"
   text	   data	    bss	    dec	    hex	filename
  14120	     92	   2188	  16400	   4010	HC_SR04.elf
Finished building: default.size.stdout
 
Finished building: HC_SR04.list
 
09:32:34 **** Build of configuration Debug for project I2C ****
make -j12 all 
arm-none-eabi-gcc -mcpu=cortex-m4 -g3 -DDEBUG -c -x assembler-with-cpp -MMD -MP -MF"Core/Startup/startup_stm32f429zitx.d" -MT"Core/Startup/startup_stm32f429zitx.o" --specs=nano.specs -mfpu=fpv4-sp-d16 -mfloat-abi=hard -mthumb -o "Core/Startup/startup_stm32f429zitx.o" "../Core/Startup/startup_stm32f429zitx.s"
arm-none-eabi-gcc "../Core/Src/SH1106.c" -mcpu=cortex-m4 -std=gnu11 -g3 -DDEBUG -DUSE_HAL_DRIVER -DSTM32F429xx -c -I../Core/Inc -I../Drivers/STM32F4xx_HAL_Driver/Inc -I../Drivers/STM32F4xx_HAL_Driver/Inc/Legacy -I../Drivers/CMSIS/Device/ST/STM32F4xx/Include -I../Drivers/CMSIS/Include -O0 -ffunction-sections -fdata-sections -Wall -fstack-usage -fcyclomatic-complexity -MMD -MP -MF"Core/Src/SH1106.d" -MT"Core/Src/SH1106.o" --specs=nano.specs -mfpu=fpv4-sp-d16 -mfloat-abi=hard -mthumb -o "Core/Src/SH1106.o"
arm-none-eabi-gcc "../Core/Src/fonts.c" -mcpu=cortex-m4 -std=gnu11 -g3 -DDEBUG -DUSE_HAL_DRIVER -DSTM32F429xx -c -I../Core/Inc -I../Drivers/STM32F4xx_HAL_Driver/Inc -I../Drivers/STM32F4xx_HAL_Driver/Inc/Legacy -I../Drivers/CMSIS/Device/ST/STM32F4xx/Include -I../Drivers/CMSIS/Include -O0 -ffunction-sections -fdata-sections -Wall -fstack-usage -fcyclomatic-complexity -MMD -MP -MF"Core/Src/fonts.d" -MT"Core/Src/fonts.o" --specs=nano.specs -mfpu=fpv4-sp-d16 -mfloat-abi=hard -mthumb -o "Core/Src/fonts.o"
arm-none-eabi-gcc "../Core/Src/main.c" -mcpu=cortex-m4 -std=gnu11 -g3 -DDEBUG -DUSE_HAL_DRIVER -DSTM32F429xx -c -I../Core/Inc -I../Drivers/STM32F4xx_HAL_Driver/Inc -I../Drivers/STM32F4xx_HAL_Driver/Inc/Legacy -I../Drivers/CMSIS/Device/ST/STM32F4xx/Include -I../Drivers/CMSIS/Include -O0 -ffunction-sections -fdata-sections -Wall -fstack-usage -fcyclomatic-complexity -MMD -MP -MF"Core/Src/main.d" -MT"Core/Src/main.o" --specs=nano.specs -mfpu=fpv4-sp-d16 -mfloat-abi=hard -mthumb -o "Core/Src/main.o"
arm-none-eabi-gcc "../Core/Src/stm32f4xx_hal_msp.c" -mcpu=cortex-m4 -std=gnu11 -g3 -DDEBUG -DUSE_HAL_DRIVER -DSTM32F429xx -c -I../Core/Inc -I../Drivers/STM32F4xx_HAL_Driver/Inc -I../Drivers/STM32F4xx_HAL_Driver/Inc/Legacy -I../Drivers/CMSIS/Device/ST/STM32F4xx/Include -I../Drivers/CMSIS/Include -O0 -ffunction-sections -fdata-sections -Wall -fstack-usage -fcyclomatic-complexity -MMD -MP -MF"Core/Src/stm32f4xx_hal_msp.d" -MT"Core/Src/stm32f4xx_hal_msp.o" --specs=nano.specs -mfpu=fpv4-sp-d16 -mfloat-abi=hard -mthumb -o "Core/Src/stm32f4xx_hal_msp.o"
arm-none-eabi-gcc "../Core/Src/stm32f4xx_it.c" -mcpu=cortex-m4 -std=gnu11 -g3 -DDEBUG -DUSE_HAL_DRIVER -DSTM32F429xx -c -I../Core/Inc -I../Drivers/STM32F4xx_HAL_Driver/Inc -I../Drivers/STM32F4xx_HAL_Driver/Inc/Legacy -I../Drivers/CMSIS/Device/ST/STM32F4xx/Include -I../Drivers/CMSIS/Include -O0 -ffunction-sections -fdata-sections -Wall -fstack-usage -fcyclomatic-complexity -MMD -MP -MF"Core/Src/stm32f4xx_it.d" -MT"Core/Src/stm32f4xx_it.o" --specs=nano.specs -mfpu=fpv4-sp-d16 -mfloat-abi=hard -mthumb -o "Core/Src/stm32f4xx_it.o"
arm-none-eabi-gcc "../Core/Src/syscalls.c" -mcpu=cortex-m4 -std=gnu11 -g3 -DDEBUG -DUSE_HAL_DRIVER -DSTM32F429xx -c -I../Core/Inc -I../Drivers/STM32F4xx_HAL_Driver/Inc -I../Drivers/STM32F4xx_HAL_Driver/Inc/Legacy -I../Drivers/CMSIS/Device/ST/STM32F4xx/Include -I../Drivers/CMSIS/Include -O0 -ffunction-sections -fdata-sections -Wall -fstack-usage -fcyclomatic-complexity -MMD -MP -MF"Core/Src/syscalls.d" -MT"Core/Src/syscalls.o" --specs=nano.specs -mfpu=fpv4-sp-d16 -mfloat-abi=hard -mthumb -o "Core/Src/syscalls.o"
arm-none-eabi-gcc "../Core/Src/sysmem.c" -mcpu=cortex-m4 -std=gnu11 -g3 -DDEBUG -DUSE_HAL_DRIVER -DSTM32F429xx -c -I../Core/Inc -I../Drivers/STM32F4xx_HAL_Driver/Inc -I../Drivers/STM32F4xx_HAL_Driver/Inc/Legacy -I../Drivers/CMSIS/Device/ST/STM32F4xx/Include -I../Drivers/CMSIS/Include -O0 -ffunction-sections -fdata-sections -Wall -fstack-usage -fcyclomatic-complexity -MMD -MP -MF"Core/Src/sysmem.d" -MT"Core/Src/sysmem.o" --specs=nano.specs -mfpu=fpv4-sp-d16 -mfloat-abi=hard -mthumb -o "Core/Src/sysmem.o"
arm-none-eabi-gcc "../Core/Src/system_stm32f4xx.c" -mcpu=cortex-m4 -std=gnu11 -g3 -DDEBUG -DUSE_HAL_DRIVER -DSTM32F429xx -c -I../Core/Inc -I../Drivers/STM32F4xx_HAL_Driver/Inc -I../Drivers/STM32F4xx_HAL_Driver/Inc/Legacy -I../Drivers/CMSIS/Device/ST/STM32F4xx/Include -I../Drivers/CMSIS/Include -O0 -ffunction-sections -fdata-sections -Wall -fstack-usage -fcyclomatic-complexity -MMD -MP -MF"Core/Src/system_stm32f4xx.d" -MT"Core/Src/system_stm32f4xx.o" --specs=nano.specs -mfpu=fpv4-sp-d16 -mfloat-abi=hard -mthumb -o "Core/Src/system_stm32f4xx.o"
In file included from ../Core/Inc/SH1106.h:48,
                 from ../Core/Src/SH1106.c:23:
../Core/Inc/main.h:30:10: fatal error: stm32f4xx_hal.h: No such file or directory
   30 | #include "stm32f4xx_hal.h"
      |          ^~~~~~~~~~~~~~~~~
compilation terminated.
make: *** [Core/Src/subdir.mk:40: Core/Src/SH1106.o] Error 1
make: *** Waiting for unfinished jobs....
In file included from ../Core/Src/main.c:20:
../Core/Inc/main.h:30:10: fatal error: stm32f4xx_hal.h: No such file or directory
   30 | #include "stm32f4xx_hal.h"
      |          ^~~~~~~~~~~~~~~~~
compilation terminated.
In file included from ../Core/Src/stm32f4xx_hal_msp.c:22:
../Core/Inc/main.h:30:10: fatal error: stm32f4xx_hal.h: No such file or directory
   30 | #include "stm32f4xx_hal.h"
      |          ^~~~~~~~~~~~~~~~~
In file included from ../Core/Src/stm32f4xx_it.c:21:
../Core/Inc/main.h:30:10: fatal error: stm32f4xx_hal.h: No such file or directory
   30 | #include "stm32f4xx_hal.h"
      |          ^~~~~~~~~~~~~~~~~
compilation terminated.
compilation terminated.
In file included from ../Core/Src/fonts.c:19:
../Core/Inc/fonts.h:41:10: fatal error: stm32f4xx_hal.h: No such file or directory
   41 | #include "stm32f4xx_hal.h"
      |          ^~~~~~~~~~~~~~~~~
compilation terminated.
make: *** [Core/Src/subdir.mk:40: Core/Src/stm32f4xx_it.o] Error 1
make: *** [Core/Src/subdir.mk:40: Core/Src/stm32f4xx_hal_msp.o] Error 1
make: *** [Core/Src/subdir.mk:40: Core/Src/main.o] Error 1
make: *** [Core/Src/subdir.mk:40: Core/Src/fonts.o] Error 1
../Core/Src/system_stm32f4xx.c:48:10: fatal error: stm32f4xx.h: No such file or directory
   48 | #include "stm32f4xx.h"
      |          ^~~~~~~~~~~~~
compilation terminated.
make: *** [Core/Src/subdir.mk:40: Core/Src/system_stm32f4xx.o] Error 1
"make -j12 all" terminated with exit code 2. Build might be incomplete.
09:32:53 **** Incremental Build of configuration Debug for project I2C ****
make -j12 all 
arm-none-eabi-gcc "../Core/Src/SH1106.c" -mcpu=cortex-m4 -std=gnu11 -g3 -DDEBUG -DUSE_HAL_DRIVER -DSTM32F429xx -c -I../Core/Inc -I../Drivers/STM32F4xx_HAL_Driver/Inc -I../Drivers/STM32F4xx_HAL_Driver/Inc/Legacy -I../Drivers/CMSIS/Device/ST/STM32F4xx/Include -I../Drivers/CMSIS/Include -O0 -ffunction-sections -fdata-sections -Wall -fstack-usage -fcyclomatic-complexity -MMD -MP -MF"Core/Src/SH1106.d" -MT"Core/Src/SH1106.o" --specs=nano.specs -mfpu=fpv4-sp-d16 -mfloat-abi=hard -mthumb -o "Core/Src/SH1106.o"
arm-none-eabi-gcc "../Core/Src/fonts.c" -mcpu=cortex-m4 -std=gnu11 -g3 -DDEBUG -DUSE_HAL_DRIVER -DSTM32F429xx -c -I../Core/Inc -I../Drivers/STM32F4xx_HAL_Driver/Inc -I../Drivers/STM32F4xx_HAL_Driver/Inc/Legacy -I../Drivers/CMSIS/Device/ST/STM32F4xx/Include -I../Drivers/CMSIS/Include -O0 -ffunction-sections -fdata-sections -Wall -fstack-usage -fcyclomatic-complexity -MMD -MP -MF"Core/Src/fonts.d" -MT"Core/Src/fonts.o" --specs=nano.specs -mfpu=fpv4-sp-d16 -mfloat-abi=hard -mthumb -o "Core/Src/fonts.o"
arm-none-eabi-gcc "../Core/Src/main.c" -mcpu=cortex-m4 -std=gnu11 -g3 -DDEBUG -DUSE_HAL_DRIVER -DSTM32F429xx -c -I../Core/Inc -I../Drivers/STM32F4xx_HAL_Driver/Inc -I../Drivers/STM32F4xx_HAL_Driver/Inc/Legacy -I../Drivers/CMSIS/Device/ST/STM32F4xx/Include -I../Drivers/CMSIS/Include -O0 -ffunction-sections -fdata-sections -Wall -fstack-usage -fcyclomatic-complexity -MMD -MP -MF"Core/Src/main.d" -MT"Core/Src/main.o" --specs=nano.specs -mfpu=fpv4-sp-d16 -mfloat-abi=hard -mthumb -o "Core/Src/main.o"
arm-none-eabi-gcc "../Core/Src/stm32f4xx_hal_msp.c" -mcpu=cortex-m4 -std=gnu11 -g3 -DDEBUG -DUSE_HAL_DRIVER -DSTM32F429xx -c -I../Core/Inc -I../Drivers/STM32F4xx_HAL_Driver/Inc -I../Drivers/STM32F4xx_HAL_Driver/Inc/Legacy -I../Drivers/CMSIS/Device/ST/STM32F4xx/Include -I../Drivers/CMSIS/Include -O0 -ffunction-sections -fdata-sections -Wall -fstack-usage -fcyclomatic-complexity -MMD -MP -MF"Core/Src/stm32f4xx_hal_msp.d" -MT"Core/Src/stm32f4xx_hal_msp.o" --specs=nano.specs -mfpu=fpv4-sp-d16 -mfloat-abi=hard -mthumb -o "Core/Src/stm32f4xx_hal_msp.o"
arm-none-eabi-gcc "../Core/Src/stm32f4xx_it.c" -mcpu=cortex-m4 -std=gnu11 -g3 -DDEBUG -DUSE_HAL_DRIVER -DSTM32F429xx -c -I../Core/Inc -I../Drivers/STM32F4xx_HAL_Driver/Inc -I../Drivers/STM32F4xx_HAL_Driver/Inc/Legacy -I../Drivers/CMSIS/Device/ST/STM32F4xx/Include -I../Drivers/CMSIS/Include -O0 -ffunction-sections -fdata-sections -Wall -fstack-usage -fcyclomatic-complexity -MMD -MP -MF"Core/Src/stm32f4xx_it.d" -MT"Core/Src/stm32f4xx_it.o" --specs=nano.specs -mfpu=fpv4-sp-d16 -mfloat-abi=hard -mthumb -o "Core/Src/stm32f4xx_it.o"
arm-none-eabi-gcc "../Core/Src/system_stm32f4xx.c" -mcpu=cortex-m4 -std=gnu11 -g3 -DDEBUG -DUSE_HAL_DRIVER -DSTM32F429xx -c -I../Core/Inc -I../Drivers/STM32F4xx_HAL_Driver/Inc -I../Drivers/STM32F4xx_HAL_Driver/Inc/Legacy -I../Drivers/CMSIS/Device/ST/STM32F4xx/Include -I../Drivers/CMSIS/Include -O0 -ffunction-sections -fdata-sections -Wall -fstack-usage -fcyclomatic-complexity -MMD -MP -MF"Core/Src/system_stm32f4xx.d" -MT"Core/Src/system_stm32f4xx.o" --specs=nano.specs -mfpu=fpv4-sp-d16 -mfloat-abi=hard -mthumb -o "Core/Src/system_stm32f4xx.o"
In file included from ../Core/Inc/SH1106.h:48,
                 from ../Core/Src/SH1106.c:23:
../Core/Inc/main.h:30:10: fatal error: stm32f4xx_hal.h: No such file or directory
   30 | #include "stm32f4xx_hal.h"
      |          ^~~~~~~~~~~~~~~~~
compilation terminated.
In file included from ../Core/Src/fonts.c:19:
../Core/Inc/fonts.h:41:10: fatal error: stm32f4xx_hal.h: No such file or directory
   41 | #include "stm32f4xx_hal.h"
      |          ^~~~~~~~~~~~~~~~~
compilation terminated.
In file included from ../Core/Src/main.c:20:
../Core/Inc/main.h:30:10: fatal error: stm32f4xx_hal.h: No such file or directory
   30 | #include "stm32f4xx_hal.h"
      |          ^~~~~~~~~~~~~~~~~
compilation terminated.
make: *** [Core/Src/subdir.mk:40: Core/Src/SH1106.o] Error 1
make: *** Waiting for unfinished jobs....
make: *** [Core/Src/subdir.mk:40: Core/Src/fonts.o] Error 1
In file included from ../Core/Src/stm32f4xx_hal_msp.c:22:
../Core/Inc/main.h:30:10: fatal error: stm32f4xx_hal.h: No such file or directory
   30 | #include "stm32f4xx_hal.h"
      |          ^~~~~~~~~~~~~~~~~
compilation terminated.
make: *** [Core/Src/subdir.mk:40: Core/Src/main.o] Error 1
make: *** [Core/Src/subdir.mk:40: Core/Src/stm32f4xx_hal_msp.o] Error 1
In file included from ../Core/Src/stm32f4xx_it.c:21:
../Core/Inc/main.h:30:10: fatal error: stm32f4xx_hal.h: No such file or directory
   30 | #include "stm32f4xx_hal.h"
      |          ^~~~~~~~~~~~~~~~~
compilation terminated.
../Core/Src/system_stm32f4xx.c:48:10: fatal error: stm32f4xx.h: No such file or directory
   48 | #include "stm32f4xx.h"
      |          ^~~~~~~~~~~~~
compilation terminated.
make: *** [Core/Src/subdir.mk:40: Core/Src/system_stm32f4xx.o] Error 1
make: *** [Core/Src/subdir.mk:40: Core/Src/stm32f4xx_it.o] Error 1
"make -j12 all" terminated with exit code 2. Build might be incomplete.
09:34:46 **** Incremental Build of configuration Debug for project I2C ****
make -j12 all 
arm-none-eabi-gcc "C:/Users/NXS/STM32Cube/Repository/STM32Cube_FW_F4_V1.28.1/Drivers/STM32F4xx_HAL_Driver/Src/stm32f4xx_hal.c" -mcpu=cortex-m4 -std=gnu11 -g3 -DDEBUG -DUSE_HAL_DRIVER -DSTM32F429xx -c -I../Core/Inc -IC:/Users/NXS/STM32Cube/Repository/STM32Cube_FW_F4_V1.28.1/Drivers/STM32F4xx_HAL_Driver/Inc -IC:/Users/NXS/STM32Cube/Repository/STM32Cube_FW_F4_V1.28.1/Drivers/STM32F4xx_HAL_Driver/Inc/Legacy -IC:/Users/NXS/STM32Cube/Repository/STM32Cube_FW_F4_V1.28.1/Drivers/CMSIS/Device/ST/STM32F4xx/Include -IC:/Users/NXS/STM32Cube/Repository/STM32Cube_FW_F4_V1.28.1/Drivers/CMSIS/Include -O0 -ffunction-sections -fdata-sections -Wall -fstack-usage -fcyclomatic-complexity -MMD -MP -MF"Drivers/STM32F4xx_HAL_Driver/stm32f4xx_hal.d" -MT"Drivers/STM32F4xx_HAL_Driver/stm32f4xx_hal.o" --specs=nano.specs -mfpu=fpv4-sp-d16 -mfloat-abi=hard -mthumb -o "Drivers/STM32F4xx_HAL_Driver/stm32f4xx_hal.o"
arm-none-eabi-gcc "C:/Users/NXS/STM32Cube/Repository/STM32Cube_FW_F4_V1.28.1/Drivers/STM32F4xx_HAL_Driver/Src/stm32f4xx_hal_cortex.c" -mcpu=cortex-m4 -std=gnu11 -g3 -DDEBUG -DUSE_HAL_DRIVER -DSTM32F429xx -c -I../Core/Inc -IC:/Users/NXS/STM32Cube/Repository/STM32Cube_FW_F4_V1.28.1/Drivers/STM32F4xx_HAL_Driver/Inc -IC:/Users/NXS/STM32Cube/Repository/STM32Cube_FW_F4_V1.28.1/Drivers/STM32F4xx_HAL_Driver/Inc/Legacy -IC:/Users/NXS/STM32Cube/Repository/STM32Cube_FW_F4_V1.28.1/Drivers/CMSIS/Device/ST/STM32F4xx/Include -IC:/Users/NXS/STM32Cube/Repository/STM32Cube_FW_F4_V1.28.1/Drivers/CMSIS/Include -O0 -ffunction-sections -fdata-sections -Wall -fstack-usage -fcyclomatic-complexity -MMD -MP -MF"Drivers/STM32F4xx_HAL_Driver/stm32f4xx_hal_cortex.d" -MT"Drivers/STM32F4xx_HAL_Driver/stm32f4xx_hal_cortex.o" --specs=nano.specs -mfpu=fpv4-sp-d16 -mfloat-abi=hard -mthumb -o "Drivers/STM32F4xx_HAL_Driver/stm32f4xx_hal_cortex.o"
arm-none-eabi-gcc "C:/Users/NXS/STM32Cube/Repository/STM32Cube_FW_F4_V1.28.1/Drivers/STM32F4xx_HAL_Driver/Src/stm32f4xx_hal_dma.c" -mcpu=cortex-m4 -std=gnu11 -g3 -DDEBUG -DUSE_HAL_DRIVER -DSTM32F429xx -c -I../Core/Inc -IC:/Users/NXS/STM32Cube/Repository/STM32Cube_FW_F4_V1.28.1/Drivers/STM32F4xx_HAL_Driver/Inc -IC:/Users/NXS/STM32Cube/Repository/STM32Cube_FW_F4_V1.28.1/Drivers/STM32F4xx_HAL_Driver/Inc/Legacy -IC:/Users/NXS/STM32Cube/Repository/STM32Cube_FW_F4_V1.28.1/Drivers/CMSIS/Device/ST/STM32F4xx/Include -IC:/Users/NXS/STM32Cube/Repository/STM32Cube_FW_F4_V1.28.1/Drivers/CMSIS/Include -O0 -ffunction-sections -fdata-sections -Wall -fstack-usage -fcyclomatic-complexity -MMD -MP -MF"Drivers/STM32F4xx_HAL_Driver/stm32f4xx_hal_dma.d" -MT"Drivers/STM32F4xx_HAL_Driver/stm32f4xx_hal_dma.o" --specs=nano.specs -mfpu=fpv4-sp-d16 -mfloat-abi=hard -mthumb -o "Drivers/STM32F4xx_HAL_Driver/stm32f4xx_hal_dma.o"
arm-none-eabi-gcc "C:/Users/NXS/STM32Cube/Repository/STM32Cube_FW_F4_V1.28.1/Drivers/STM32F4xx_HAL_Driver/Src/stm32f4xx_hal_dma_ex.c" -mcpu=cortex-m4 -std=gnu11 -g3 -DDEBUG -DUSE_HAL_DRIVER -DSTM32F429xx -c -I../Core/Inc -IC:/Users/NXS/STM32Cube/Repository/STM32Cube_FW_F4_V1.28.1/Drivers/STM32F4xx_HAL_Driver/Inc -IC:/Users/NXS/STM32Cube/Repository/STM32Cube_FW_F4_V1.28.1/Drivers/STM32F4xx_HAL_Driver/Inc/Legacy -IC:/Users/NXS/STM32Cube/Repository/STM32Cube_FW_F4_V1.28.1/Drivers/CMSIS/Device/ST/STM32F4xx/Include -IC:/Users/NXS/STM32Cube/Repository/STM32Cube_FW_F4_V1.28.1/Drivers/CMSIS/Include -O0 -ffunction-sections -fdata-sections -Wall -fstack-usage -fcyclomatic-complexity -MMD -MP -MF"Drivers/STM32F4xx_HAL_Driver/stm32f4xx_hal_dma_ex.d" -MT"Drivers/STM32F4xx_HAL_Driver/stm32f4xx_hal_dma_ex.o" --specs=nano.specs -mfpu=fpv4-sp-d16 -mfloat-abi=hard -mthumb -o "Drivers/STM32F4xx_HAL_Driver/stm32f4xx_hal_dma_ex.o"
arm-none-eabi-gcc "C:/Users/NXS/STM32Cube/Repository/STM32Cube_FW_F4_V1.28.1/Drivers/STM32F4xx_HAL_Driver/Src/stm32f4xx_hal_exti.c" -mcpu=cortex-m4 -std=gnu11 -g3 -DDEBUG -DUSE_HAL_DRIVER -DSTM32F429xx -c -I../Core/Inc -IC:/Users/NXS/STM32Cube/Repository/STM32Cube_FW_F4_V1.28.1/Drivers/STM32F4xx_HAL_Driver/Inc -IC:/Users/NXS/STM32Cube/Repository/STM32Cube_FW_F4_V1.28.1/Drivers/STM32F4xx_HAL_Driver/Inc/Legacy -IC:/Users/NXS/STM32Cube/Repository/STM32Cube_FW_F4_V1.28.1/Drivers/CMSIS/Device/ST/STM32F4xx/Include -IC:/Users/NXS/STM32Cube/Repository/STM32Cube_FW_F4_V1.28.1/Drivers/CMSIS/Include -O0 -ffunction-sections -fdata-sections -Wall -fstack-usage -fcyclomatic-complexity -MMD -MP -MF"Drivers/STM32F4xx_HAL_Driver/stm32f4xx_hal_exti.d" -MT"Drivers/STM32F4xx_HAL_Driver/stm32f4xx_hal_exti.o" --specs=nano.specs -mfpu=fpv4-sp-d16 -mfloat-abi=hard -mthumb -o "Drivers/STM32F4xx_HAL_Driver/stm32f4xx_hal_exti.o"
arm-none-eabi-gcc "C:/Users/NXS/STM32Cube/Repository/STM32Cube_FW_F4_V1.28.1/Drivers/STM32F4xx_HAL_Driver/Src/stm32f4xx_hal_flash.c" -mcpu=cortex-m4 -std=gnu11 -g3 -DDEBUG -DUSE_HAL_DRIVER -DSTM32F429xx -c -I../Core/Inc -IC:/Users/NXS/STM32Cube/Repository/STM32Cube_FW_F4_V1.28.1/Drivers/STM32F4xx_HAL_Driver/Inc -IC:/Users/NXS/STM32Cube/Repository/STM32Cube_FW_F4_V1.28.1/Drivers/STM32F4xx_HAL_Driver/Inc/Legacy -IC:/Users/NXS/STM32Cube/Repository/STM32Cube_FW_F4_V1.28.1/Drivers/CMSIS/Device/ST/STM32F4xx/Include -IC:/Users/NXS/STM32Cube/Repository/STM32Cube_FW_F4_V1.28.1/Drivers/CMSIS/Include -O0 -ffunction-sections -fdata-sections -Wall -fstack-usage -fcyclomatic-complexity -MMD -MP -MF"Drivers/STM32F4xx_HAL_Driver/stm32f4xx_hal_flash.d" -MT"Drivers/STM32F4xx_HAL_Driver/stm32f4xx_hal_flash.o" --specs=nano.specs -mfpu=fpv4-sp-d16 -mfloat-abi=hard -mthumb -o "Drivers/STM32F4xx_HAL_Driver/stm32f4xx_hal_flash.o"
arm-none-eabi-gcc "C:/Users/NXS/STM32Cube/Repository/STM32Cube_FW_F4_V1.28.1/Drivers/STM32F4xx_HAL_Driver/Src/stm32f4xx_hal_flash_ex.c" -mcpu=cortex-m4 -std=gnu11 -g3 -DDEBUG -DUSE_HAL_DRIVER -DSTM32F429xx -c -I../Core/Inc -IC:/Users/NXS/STM32Cube/Repository/STM32Cube_FW_F4_V1.28.1/Drivers/STM32F4xx_HAL_Driver/Inc -IC:/Users/NXS/STM32Cube/Repository/STM32Cube_FW_F4_V1.28.1/Drivers/STM32F4xx_HAL_Driver/Inc/Legacy -IC:/Users/NXS/STM32Cube/Repository/STM32Cube_FW_F4_V1.28.1/Drivers/CMSIS/Device/ST/STM32F4xx/Include -IC:/Users/NXS/STM32Cube/Repository/STM32Cube_FW_F4_V1.28.1/Drivers/CMSIS/Include -O0 -ffunction-sections -fdata-sections -Wall -fstack-usage -fcyclomatic-complexity -MMD -MP -MF"Drivers/STM32F4xx_HAL_Driver/stm32f4xx_hal_flash_ex.d" -MT"Drivers/STM32F4xx_HAL_Driver/stm32f4xx_hal_flash_ex.o" --specs=nano.specs -mfpu=fpv4-sp-d16 -mfloat-abi=hard -mthumb -o "Drivers/STM32F4xx_HAL_Driver/stm32f4xx_hal_flash_ex.o"
arm-none-eabi-gcc "C:/Users/NXS/STM32Cube/Repository/STM32Cube_FW_F4_V1.28.1/Drivers/STM32F4xx_HAL_Driver/Src/stm32f4xx_hal_flash_ramfunc.c" -mcpu=cortex-m4 -std=gnu11 -g3 -DDEBUG -DUSE_HAL_DRIVER -DSTM32F429xx -c -I../Core/Inc -IC:/Users/NXS/STM32Cube/Repository/STM32Cube_FW_F4_V1.28.1/Drivers/STM32F4xx_HAL_Driver/Inc -IC:/Users/NXS/STM32Cube/Repository/STM32Cube_FW_F4_V1.28.1/Drivers/STM32F4xx_HAL_Driver/Inc/Legacy -IC:/Users/NXS/STM32Cube/Repository/STM32Cube_FW_F4_V1.28.1/Drivers/CMSIS/Device/ST/STM32F4xx/Include -IC:/Users/NXS/STM32Cube/Repository/STM32Cube_FW_F4_V1.28.1/Drivers/CMSIS/Include -O0 -ffunction-sections -fdata-sections -Wall -fstack-usage -fcyclomatic-complexity -MMD -MP -MF"Drivers/STM32F4xx_HAL_Driver/stm32f4xx_hal_flash_ramfunc.d" -MT"Drivers/STM32F4xx_HAL_Driver/stm32f4xx_hal_flash_ramfunc.o" --specs=nano.specs -mfpu=fpv4-sp-d16 -mfloat-abi=hard -mthumb -o "Drivers/STM32F4xx_HAL_Driver/stm32f4xx_hal_flash_ramfunc.o"
arm-none-eabi-gcc "C:/Users/NXS/STM32Cube/Repository/STM32Cube_FW_F4_V1.28.1/Drivers/STM32F4xx_HAL_Driver/Src/stm32f4xx_hal_gpio.c" -mcpu=cortex-m4 -std=gnu11 -g3 -DDEBUG -DUSE_HAL_DRIVER -DSTM32F429xx -c -I../Core/Inc -IC:/Users/NXS/STM32Cube/Repository/STM32Cube_FW_F4_V1.28.1/Drivers/STM32F4xx_HAL_Driver/Inc -IC:/Users/NXS/STM32Cube/Repository/STM32Cube_FW_F4_V1.28.1/Drivers/STM32F4xx_HAL_Driver/Inc/Legacy -IC:/Users/NXS/STM32Cube/Repository/STM32Cube_FW_F4_V1.28.1/Drivers/CMSIS/Device/ST/STM32F4xx/Include -IC:/Users/NXS/STM32Cube/Repository/STM32Cube_FW_F4_V1.28.1/Drivers/CMSIS/Include -O0 -ffunction-sections -fdata-sections -Wall -fstack-usage -fcyclomatic-complexity -MMD -MP -MF"Drivers/STM32F4xx_HAL_Driver/stm32f4xx_hal_gpio.d" -MT"Drivers/STM32F4xx_HAL_Driver/stm32f4xx_hal_gpio.o" --specs=nano.specs -mfpu=fpv4-sp-d16 -mfloat-abi=hard -mthumb -o "Drivers/STM32F4xx_HAL_Driver/stm32f4xx_hal_gpio.o"
arm-none-eabi-gcc "C:/Users/NXS/STM32Cube/Repository/STM32Cube_FW_F4_V1.28.1/Drivers/STM32F4xx_HAL_Driver/Src/stm32f4xx_hal_i2c.c" -mcpu=cortex-m4 -std=gnu11 -g3 -DDEBUG -DUSE_HAL_DRIVER -DSTM32F429xx -c -I../Core/Inc -IC:/Users/NXS/STM32Cube/Repository/STM32Cube_FW_F4_V1.28.1/Drivers/STM32F4xx_HAL_Driver/Inc -IC:/Users/NXS/STM32Cube/Repository/STM32Cube_FW_F4_V1.28.1/Drivers/STM32F4xx_HAL_Driver/Inc/Legacy -IC:/Users/NXS/STM32Cube/Repository/STM32Cube_FW_F4_V1.28.1/Drivers/CMSIS/Device/ST/STM32F4xx/Include -IC:/Users/NXS/STM32Cube/Repository/STM32Cube_FW_F4_V1.28.1/Drivers/CMSIS/Include -O0 -ffunction-sections -fdata-sections -Wall -fstack-usage -fcyclomatic-complexity -MMD -MP -MF"Drivers/STM32F4xx_HAL_Driver/stm32f4xx_hal_i2c.d" -MT"Drivers/STM32F4xx_HAL_Driver/stm32f4xx_hal_i2c.o" --specs=nano.specs -mfpu=fpv4-sp-d16 -mfloat-abi=hard -mthumb -o "Drivers/STM32F4xx_HAL_Driver/stm32f4xx_hal_i2c.o"
arm-none-eabi-gcc "C:/Users/NXS/STM32Cube/Repository/STM32Cube_FW_F4_V1.28.1/Drivers/STM32F4xx_HAL_Driver/Src/stm32f4xx_hal_i2c_ex.c" -mcpu=cortex-m4 -std=gnu11 -g3 -DDEBUG -DUSE_HAL_DRIVER -DSTM32F429xx -c -I../Core/Inc -IC:/Users/NXS/STM32Cube/Repository/STM32Cube_FW_F4_V1.28.1/Drivers/STM32F4xx_HAL_Driver/Inc -IC:/Users/NXS/STM32Cube/Repository/STM32Cube_FW_F4_V1.28.1/Drivers/STM32F4xx_HAL_Driver/Inc/Legacy -IC:/Users/NXS/STM32Cube/Repository/STM32Cube_FW_F4_V1.28.1/Drivers/CMSIS/Device/ST/STM32F4xx/Include -IC:/Users/NXS/STM32Cube/Repository/STM32Cube_FW_F4_V1.28.1/Drivers/CMSIS/Include -O0 -ffunction-sections -fdata-sections -Wall -fstack-usage -fcyclomatic-complexity -MMD -MP -MF"Drivers/STM32F4xx_HAL_Driver/stm32f4xx_hal_i2c_ex.d" -MT"Drivers/STM32F4xx_HAL_Driver/stm32f4xx_hal_i2c_ex.o" --specs=nano.specs -mfpu=fpv4-sp-d16 -mfloat-abi=hard -mthumb -o "Drivers/STM32F4xx_HAL_Driver/stm32f4xx_hal_i2c_ex.o"
arm-none-eabi-gcc "C:/Users/NXS/STM32Cube/Repository/STM32Cube_FW_F4_V1.28.1/Drivers/STM32F4xx_HAL_Driver/Src/stm32f4xx_hal_pwr.c" -mcpu=cortex-m4 -std=gnu11 -g3 -DDEBUG -DUSE_HAL_DRIVER -DSTM32F429xx -c -I../Core/Inc -IC:/Users/NXS/STM32Cube/Repository/STM32Cube_FW_F4_V1.28.1/Drivers/STM32F4xx_HAL_Driver/Inc -IC:/Users/NXS/STM32Cube/Repository/STM32Cube_FW_F4_V1.28.1/Drivers/STM32F4xx_HAL_Driver/Inc/Legacy -IC:/Users/NXS/STM32Cube/Repository/STM32Cube_FW_F4_V1.28.1/Drivers/CMSIS/Device/ST/STM32F4xx/Include -IC:/Users/NXS/STM32Cube/Repository/STM32Cube_FW_F4_V1.28.1/Drivers/CMSIS/Include -O0 -ffunction-sections -fdata-sections -Wall -fstack-usage -fcyclomatic-complexity -MMD -MP -MF"Drivers/STM32F4xx_HAL_Driver/stm32f4xx_hal_pwr.d" -MT"Drivers/STM32F4xx_HAL_Driver/stm32f4xx_hal_pwr.o" --specs=nano.specs -mfpu=fpv4-sp-d16 -mfloat-abi=hard -mthumb -o "Drivers/STM32F4xx_HAL_Driver/stm32f4xx_hal_pwr.o"
arm-none-eabi-gcc "C:/Users/NXS/STM32Cube/Repository/STM32Cube_FW_F4_V1.28.1/Drivers/STM32F4xx_HAL_Driver/Src/stm32f4xx_hal_pwr_ex.c" -mcpu=cortex-m4 -std=gnu11 -g3 -DDEBUG -DUSE_HAL_DRIVER -DSTM32F429xx -c -I../Core/Inc -IC:/Users/NXS/STM32Cube/Repository/STM32Cube_FW_F4_V1.28.1/Drivers/STM32F4xx_HAL_Driver/Inc -IC:/Users/NXS/STM32Cube/Repository/STM32Cube_FW_F4_V1.28.1/Drivers/STM32F4xx_HAL_Driver/Inc/Legacy -IC:/Users/NXS/STM32Cube/Repository/STM32Cube_FW_F4_V1.28.1/Drivers/CMSIS/Device/ST/STM32F4xx/Include -IC:/Users/NXS/STM32Cube/Repository/STM32Cube_FW_F4_V1.28.1/Drivers/CMSIS/Include -O0 -ffunction-sections -fdata-sections -Wall -fstack-usage -fcyclomatic-complexity -MMD -MP -MF"Drivers/STM32F4xx_HAL_Driver/stm32f4xx_hal_pwr_ex.d" -MT"Drivers/STM32F4xx_HAL_Driver/stm32f4xx_hal_pwr_ex.o" --specs=nano.specs -mfpu=fpv4-sp-d16 -mfloat-abi=hard -mthumb -o "Drivers/STM32F4xx_HAL_Driver/stm32f4xx_hal_pwr_ex.o"
arm-none-eabi-gcc "C:/Users/NXS/STM32Cube/Repository/STM32Cube_FW_F4_V1.28.1/Drivers/STM32F4xx_HAL_Driver/Src/stm32f4xx_hal_rcc.c" -mcpu=cortex-m4 -std=gnu11 -g3 -DDEBUG -DUSE_HAL_DRIVER -DSTM32F429xx -c -I../Core/Inc -IC:/Users/NXS/STM32Cube/Repository/STM32Cube_FW_F4_V1.28.1/Drivers/STM32F4xx_HAL_Driver/Inc -IC:/Users/NXS/STM32Cube/Repository/STM32Cube_FW_F4_V1.28.1/Drivers/STM32F4xx_HAL_Driver/Inc/Legacy -IC:/Users/NXS/STM32Cube/Repository/STM32Cube_FW_F4_V1.28.1/Drivers/CMSIS/Device/ST/STM32F4xx/Include -IC:/Users/NXS/STM32Cube/Repository/STM32Cube_FW_F4_V1.28.1/Drivers/CMSIS/Include -O0 -ffunction-sections -fdata-sections -Wall -fstack-usage -fcyclomatic-complexity -MMD -MP -MF"Drivers/STM32F4xx_HAL_Driver/stm32f4xx_hal_rcc.d" -MT"Drivers/STM32F4xx_HAL_Driver/stm32f4xx_hal_rcc.o" --specs=nano.specs -mfpu=fpv4-sp-d16 -mfloat-abi=hard -mthumb -o "Drivers/STM32F4xx_HAL_Driver/stm32f4xx_hal_rcc.o"
arm-none-eabi-gcc "C:/Users/NXS/STM32Cube/Repository/STM32Cube_FW_F4_V1.28.1/Drivers/STM32F4xx_HAL_Driver/Src/stm32f4xx_hal_rcc_ex.c" -mcpu=cortex-m4 -std=gnu11 -g3 -DDEBUG -DUSE_HAL_DRIVER -DSTM32F429xx -c -I../Core/Inc -IC:/Users/NXS/STM32Cube/Repository/STM32Cube_FW_F4_V1.28.1/Drivers/STM32F4xx_HAL_Driver/Inc -IC:/Users/NXS/STM32Cube/Repository/STM32Cube_FW_F4_V1.28.1/Drivers/STM32F4xx_HAL_Driver/Inc/Legacy -IC:/Users/NXS/STM32Cube/Repository/STM32Cube_FW_F4_V1.28.1/Drivers/CMSIS/Device/ST/STM32F4xx/Include -IC:/Users/NXS/STM32Cube/Repository/STM32Cube_FW_F4_V1.28.1/Drivers/CMSIS/Include -O0 -ffunction-sections -fdata-sections -Wall -fstack-usage -fcyclomatic-complexity -MMD -MP -MF"Drivers/STM32F4xx_HAL_Driver/stm32f4xx_hal_rcc_ex.d" -MT"Drivers/STM32F4xx_HAL_Driver/stm32f4xx_hal_rcc_ex.o" --specs=nano.specs -mfpu=fpv4-sp-d16 -mfloat-abi=hard -mthumb -o "Drivers/STM32F4xx_HAL_Driver/stm32f4xx_hal_rcc_ex.o"
arm-none-eabi-gcc "../Core/Src/SH1106.c" -mcpu=cortex-m4 -std=gnu11 -g3 -DDEBUG -DUSE_HAL_DRIVER -DSTM32F429xx -c -I../Core/Inc -IC:/Users/NXS/STM32Cube/Repository/STM32Cube_FW_F4_V1.28.1/Drivers/STM32F4xx_HAL_Driver/Inc -IC:/Users/NXS/STM32Cube/Repository/STM32Cube_FW_F4_V1.28.1/Drivers/STM32F4xx_HAL_Driver/Inc/Legacy -IC:/Users/NXS/STM32Cube/Repository/STM32Cube_FW_F4_V1.28.1/Drivers/CMSIS/Device/ST/STM32F4xx/Include -IC:/Users/NXS/STM32Cube/Repository/STM32Cube_FW_F4_V1.28.1/Drivers/CMSIS/Include -O0 -ffunction-sections -fdata-sections -Wall -fstack-usage -fcyclomatic-complexity -MMD -MP -MF"Core/Src/SH1106.d" -MT"Core/Src/SH1106.o" --specs=nano.specs -mfpu=fpv4-sp-d16 -mfloat-abi=hard -mthumb -o "Core/Src/SH1106.o"
arm-none-eabi-gcc "../Core/Src/fonts.c" -mcpu=cortex-m4 -std=gnu11 -g3 -DDEBUG -DUSE_HAL_DRIVER -DSTM32F429xx -c -I../Core/Inc -IC:/Users/NXS/STM32Cube/Repository/STM32Cube_FW_F4_V1.28.1/Drivers/STM32F4xx_HAL_Driver/Inc -IC:/Users/NXS/STM32Cube/Repository/STM32Cube_FW_F4_V1.28.1/Drivers/STM32F4xx_HAL_Driver/Inc/Legacy -IC:/Users/NXS/STM32Cube/Repository/STM32Cube_FW_F4_V1.28.1/Drivers/CMSIS/Device/ST/STM32F4xx/Include -IC:/Users/NXS/STM32Cube/Repository/STM32Cube_FW_F4_V1.28.1/Drivers/CMSIS/Include -O0 -ffunction-sections -fdata-sections -Wall -fstack-usage -fcyclomatic-complexity -MMD -MP -MF"Core/Src/fonts.d" -MT"Core/Src/fonts.o" --specs=nano.specs -mfpu=fpv4-sp-d16 -mfloat-abi=hard -mthumb -o "Core/Src/fonts.o"
arm-none-eabi-gcc "../Core/Src/main.c" -mcpu=cortex-m4 -std=gnu11 -g3 -DDEBUG -DUSE_HAL_DRIVER -DSTM32F429xx -c -I../Core/Inc -IC:/Users/NXS/STM32Cube/Repository/STM32Cube_FW_F4_V1.28.1/Drivers/STM32F4xx_HAL_Driver/Inc -IC:/Users/NXS/STM32Cube/Repository/STM32Cube_FW_F4_V1.28.1/Drivers/STM32F4xx_HAL_Driver/Inc/Legacy -IC:/Users/NXS/STM32Cube/Repository/STM32Cube_FW_F4_V1.28.1/Drivers/CMSIS/Device/ST/STM32F4xx/Include -IC:/Users/NXS/STM32Cube/Repository/STM32Cube_FW_F4_V1.28.1/Drivers/CMSIS/Include -O0 -ffunction-sections -fdata-sections -Wall -fstack-usage -fcyclomatic-complexity -MMD -MP -MF"Core/Src/main.d" -MT"Core/Src/main.o" --specs=nano.specs -mfpu=fpv4-sp-d16 -mfloat-abi=hard -mthumb -o "Core/Src/main.o"
arm-none-eabi-gcc "../Core/Src/stm32f4xx_hal_msp.c" -mcpu=cortex-m4 -std=gnu11 -g3 -DDEBUG -DUSE_HAL_DRIVER -DSTM32F429xx -c -I../Core/Inc -IC:/Users/NXS/STM32Cube/Repository/STM32Cube_FW_F4_V1.28.1/Drivers/STM32F4xx_HAL_Driver/Inc -IC:/Users/NXS/STM32Cube/Repository/STM32Cube_FW_F4_V1.28.1/Drivers/STM32F4xx_HAL_Driver/Inc/Legacy -IC:/Users/NXS/STM32Cube/Repository/STM32Cube_FW_F4_V1.28.1/Drivers/CMSIS/Device/ST/STM32F4xx/Include -IC:/Users/NXS/STM32Cube/Repository/STM32Cube_FW_F4_V1.28.1/Drivers/CMSIS/Include -O0 -ffunction-sections -fdata-sections -Wall -fstack-usage -fcyclomatic-complexity -MMD -MP -MF"Core/Src/stm32f4xx_hal_msp.d" -MT"Core/Src/stm32f4xx_hal_msp.o" --specs=nano.specs -mfpu=fpv4-sp-d16 -mfloat-abi=hard -mthumb -o "Core/Src/stm32f4xx_hal_msp.o"
arm-none-eabi-gcc "../Core/Src/stm32f4xx_it.c" -mcpu=cortex-m4 -std=gnu11 -g3 -DDEBUG -DUSE_HAL_DRIVER -DSTM32F429xx -c -I../Core/Inc -IC:/Users/NXS/STM32Cube/Repository/STM32Cube_FW_F4_V1.28.1/Drivers/STM32F4xx_HAL_Driver/Inc -IC:/Users/NXS/STM32Cube/Repository/STM32Cube_FW_F4_V1.28.1/Drivers/STM32F4xx_HAL_Driver/Inc/Legacy -IC:/Users/NXS/STM32Cube/Repository/STM32Cube_FW_F4_V1.28.1/Drivers/CMSIS/Device/ST/STM32F4xx/Include -IC:/Users/NXS/STM32Cube/Repository/STM32Cube_FW_F4_V1.28.1/Drivers/CMSIS/Include -O0 -ffunction-sections -fdata-sections -Wall -fstack-usage -fcyclomatic-complexity -MMD -MP -MF"Core/Src/stm32f4xx_it.d" -MT"Core/Src/stm32f4xx_it.o" --specs=nano.specs -mfpu=fpv4-sp-d16 -mfloat-abi=hard -mthumb -o "Core/Src/stm32f4xx_it.o"
arm-none-eabi-gcc "../Core/Src/syscalls.c" -mcpu=cortex-m4 -std=gnu11 -g3 -DDEBUG -DUSE_HAL_DRIVER -DSTM32F429xx -c -I../Core/Inc -IC:/Users/NXS/STM32Cube/Repository/STM32Cube_FW_F4_V1.28.1/Drivers/STM32F4xx_HAL_Driver/Inc -IC:/Users/NXS/STM32Cube/Repository/STM32Cube_FW_F4_V1.28.1/Drivers/STM32F4xx_HAL_Driver/Inc/Legacy -IC:/Users/NXS/STM32Cube/Repository/STM32Cube_FW_F4_V1.28.1/Drivers/CMSIS/Device/ST/STM32F4xx/Include -IC:/Users/NXS/STM32Cube/Repository/STM32Cube_FW_F4_V1.28.1/Drivers/CMSIS/Include -O0 -ffunction-sections -fdata-sections -Wall -fstack-usage -fcyclomatic-complexity -MMD -MP -MF"Core/Src/syscalls.d" -MT"Core/Src/syscalls.o" --specs=nano.specs -mfpu=fpv4-sp-d16 -mfloat-abi=hard -mthumb -o "Core/Src/syscalls.o"
arm-none-eabi-gcc "../Core/Src/sysmem.c" -mcpu=cortex-m4 -std=gnu11 -g3 -DDEBUG -DUSE_HAL_DRIVER -DSTM32F429xx -c -I../Core/Inc -IC:/Users/NXS/STM32Cube/Repository/STM32Cube_FW_F4_V1.28.1/Drivers/STM32F4xx_HAL_Driver/Inc -IC:/Users/NXS/STM32Cube/Repository/STM32Cube_FW_F4_V1.28.1/Drivers/STM32F4xx_HAL_Driver/Inc/Legacy -IC:/Users/NXS/STM32Cube/Repository/STM32Cube_FW_F4_V1.28.1/Drivers/CMSIS/Device/ST/STM32F4xx/Include -IC:/Users/NXS/STM32Cube/Repository/STM32Cube_FW_F4_V1.28.1/Drivers/CMSIS/Include -O0 -ffunction-sections -fdata-sections -Wall -fstack-usage -fcyclomatic-complexity -MMD -MP -MF"Core/Src/sysmem.d" -MT"Core/Src/sysmem.o" --specs=nano.specs -mfpu=fpv4-sp-d16 -mfloat-abi=hard -mthumb -o "Core/Src/sysmem.o"
arm-none-eabi-gcc "../Core/Src/system_stm32f4xx.c" -mcpu=cortex-m4 -std=gnu11 -g3 -DDEBUG -DUSE_HAL_DRIVER -DSTM32F429xx -c -I../Core/Inc -IC:/Users/NXS/STM32Cube/Repository/STM32Cube_FW_F4_V1.28.1/Drivers/STM32F4xx_HAL_Driver/Inc -IC:/Users/NXS/STM32Cube/Repository/STM32Cube_FW_F4_V1.28.1/Drivers/STM32F4xx_HAL_Driver/Inc/Legacy -IC:/Users/NXS/STM32Cube/Repository/STM32Cube_FW_F4_V1.28.1/Drivers/CMSIS/Device/ST/STM32F4xx/Include -IC:/Users/NXS/STM32Cube/Repository/STM32Cube_FW_F4_V1.28.1/Drivers/CMSIS/Include -O0 -ffunction-sections -fdata-sections -Wall -fstack-usage -fcyclomatic-complexity -MMD -MP -MF"Core/Src/system_stm32f4xx.d" -MT"Core/Src/system_stm32f4xx.o" --specs=nano.specs -mfpu=fpv4-sp-d16 -mfloat-abi=hard -mthumb -o "Core/Src/system_stm32f4xx.o"
arm-none-eabi-gcc -o "I2C.elf" @"objects.list"   -mcpu=cortex-m4 -T"D:\DT\Learn\20252\6.HeNhung\he_nhung\BTLT\B11\STM32F429-I2C\STM32F429ZITX_FLASH.ld" --specs=nosys.specs -Wl,-Map="I2C.map" -Wl,--gc-sections -static --specs=nano.specs -mfpu=fpv4-sp-d16 -mfloat-abi=hard -mthumb -Wl,--start-group -lc -lm -Wl,--end-group
Finished building target: I2C.elf
 
arm-none-eabi-size  I2C.elf 
arm-none-eabi-objdump -h -S I2C.elf  > "I2C.list"
   text	   data	    bss	    dec	    hex	filename
   7952	     12	   1652	   9616	   2590	I2C.elf
Finished building: default.size.stdout
 
Finished building: I2C.list
 
09:38:31 **** Incremental Build of configuration Debug for project I2C ****
make -j12 all 
arm-none-eabi-gcc "../Core/Src/main.c" -mcpu=cortex-m4 -std=gnu11 -g3 -DDEBUG -DUSE_HAL_DRIVER -DSTM32F429xx -c -I../Core/Inc -IC:/Users/NXS/STM32Cube/Repository/STM32Cube_FW_F4_V1.28.1/Drivers/STM32F4xx_HAL_Driver/Inc -IC:/Users/NXS/STM32Cube/Repository/STM32Cube_FW_F4_V1.28.1/Drivers/STM32F4xx_HAL_Driver/Inc/Legacy -IC:/Users/NXS/STM32Cube/Repository/STM32Cube_FW_F4_V1.28.1/Drivers/CMSIS/Device/ST/STM32F4xx/Include -IC:/Users/NXS/STM32Cube/Repository/STM32Cube_FW_F4_V1.28.1/Drivers/CMSIS/Include -O0 -ffunction-sections -fdata-sections -Wall -fstack-usage -fcyclomatic-complexity -MMD -MP -MF"Core/Src/main.d" -MT"Core/Src/main.o" --specs=nano.specs -mfpu=fpv4-sp-d16 -mfloat-abi=hard -mthumb -o "Core/Src/main.o"
arm-none-eabi-gcc -o "I2C.elf" @"objects.list"   -mcpu=cortex-m4 -T"D:\DT\Learn\20252\6.HeNhung\he_nhung\BTLT\B11\STM32F429-I2C\STM32F429ZITX_FLASH.ld" --specs=nosys.specs -Wl,-Map="I2C.map" -Wl,--gc-sections -static --specs=nano.specs -mfpu=fpv4-sp-d16 -mfloat-abi=hard -mthumb -Wl,--start-group -lc -lm -Wl,--end-group
Finished building target: I2C.elf
 
arm-none-eabi-size  I2C.elf 
arm-none-eabi-objdump -h -S I2C.elf  > "I2C.list"
   text	   data	    bss	    dec	    hex	filename
   8084	     12	   1652	   9748	   2614	I2C.elf
Finished building: default.size.stdout
 
Finished building: I2C.list
 
09:39:52 **** Incremental Build of configuration Debug for project I2C ****
make -j12 all 
arm-none-eabi-size  I2C.elf 
   text	   data	    bss	    dec	    hex	filename
   8084	     12	   1652	   9748	   2614	I2C.elf
Finished building: default.size.stdout
 
09:40:14 **** Incremental Build of configuration Debug for project I2C ****
make -j12 all 
arm-none-eabi-size  I2C.elf 
   text	   data	    bss	    dec	    hex	filename
   8084	     12	   1652	   9748	   2614	I2C.elf
Finished building: default.size.stdout
 
09:42:06 **** Incremental Build of configuration Debug for project I2C ****
make -j12 all 
arm-none-eabi-gcc "../Core/Src/main.c" -mcpu=cortex-m4 -std=gnu11 -g3 -DDEBUG -DUSE_HAL_DRIVER -DSTM32F429xx -c -I../Core/Inc -IC:/Users/NXS/STM32Cube/Repository/STM32Cube_FW_F4_V1.28.1/Drivers/STM32F4xx_HAL_Driver/Inc -IC:/Users/NXS/STM32Cube/Repository/STM32Cube_FW_F4_V1.28.1/Drivers/STM32F4xx_HAL_Driver/Inc/Legacy -IC:/Users/NXS/STM32Cube/Repository/STM32Cube_FW_F4_V1.28.1/Drivers/CMSIS/Device/ST/STM32F4xx/Include -IC:/Users/NXS/STM32Cube/Repository/STM32Cube_FW_F4_V1.28.1/Drivers/CMSIS/Include -O0 -ffunction-sections -fdata-sections -Wall -fstack-usage -fcyclomatic-complexity -MMD -MP -MF"Core/Src/main.d" -MT"Core/Src/main.o" --specs=nano.specs -mfpu=fpv4-sp-d16 -mfloat-abi=hard -mthumb -o "Core/Src/main.o"
arm-none-eabi-gcc -o "I2C.elf" @"objects.list"   -mcpu=cortex-m4 -T"D:\DT\Learn\20252\6.HeNhung\he_nhung\BTLT\B11\STM32F429-I2C\STM32F429ZITX_FLASH.ld" --specs=nosys.specs -Wl,-Map="I2C.map" -Wl,--gc-sections -static --specs=nano.specs -mfpu=fpv4-sp-d16 -mfloat-abi=hard -mthumb -Wl,--start-group -lc -lm -Wl,--end-group
Finished building target: I2C.elf
 
arm-none-eabi-size  I2C.elf 
arm-none-eabi-objdump -h -S I2C.elf  > "I2C.list"
   text	   data	    bss	    dec	    hex	filename
   8084	     12	   1652	   9748	   2614	I2C.elf
Finished building: default.size.stdout
 
Finished building: I2C.list
 
09:42:42 **** Incremental Build of configuration Debug for project I2C ****
make -j12 all 
arm-none-eabi-size  I2C.elf 
   text	   data	    bss	    dec	    hex	filename
   8084	     12	   1652	   9748	   2614	I2C.elf
Finished building: default.size.stdout
 
09:43:40 **** Incremental Build of configuration Debug for project I2C ****
make -j12 all 
arm-none-eabi-size  I2C.elf 
   text	   data	    bss	    dec	    hex	filename
   8084	     12	   1652	   9748	   2614	I2C.elf
Finished building: default.size.stdout
 
09:43:45 **** Incremental Build of configuration Debug for project I2C ****
make -j12 all 
arm-none-eabi-size  I2C.elf 
   text	   data	    bss	    dec	    hex	filename
   8084	     12	   1652	   9748	   2614	I2C.elf
Finished building: default.size.stdout
 
09:44:10 **** Incremental Build of configuration Debug for project I2C ****
make -j12 all 
arm-none-eabi-size  I2C.elf 
   text	   data	    bss	    dec	    hex	filename
   8084	     12	   1652	   9748	   2614	I2C.elf
Finished building: default.size.stdout
 
09:46:10 **** Incremental Build of configuration Debug for project I2C ****
make -j12 all 
arm-none-eabi-size  I2C.elf 
   text	   data	    bss	    dec	    hex	filename
   8084	     12	   1652	   9748	   2614	I2C.elf
Finished building: default.size.stdout
 
09:46:13 **** Incremental Build of configuration Debug for project I2C ****
make -j12 all 
arm-none-eabi-size  I2C.elf 
   text	   data	    bss	    dec	    hex	filename
   8084	     12	   1652	   9748	   2614	I2C.elf
Finished building: default.size.stdout
 
09:48:41 **** Incremental Build of configuration Debug for project I2C ****
make -j12 all 
arm-none-eabi-size  I2C.elf 
   text	   data	    bss	    dec	    hex	filename
   8084	     12	   1652	   9748	   2614	I2C.elf
Finished building: default.size.stdout
 
09:54:09 **** Incremental Build of configuration Debug for project I2C ****
make -j12 all 
arm-none-eabi-gcc "../Core/Src/main.c" -mcpu=cortex-m4 -std=gnu11 -g3 -DDEBUG -DUSE_HAL_DRIVER -DSTM32F429xx -c -I../Core/Inc -IC:/Users/NXS/STM32Cube/Repository/STM32Cube_FW_F4_V1.28.1/Drivers/STM32F4xx_HAL_Driver/Inc -IC:/Users/NXS/STM32Cube/Repository/STM32Cube_FW_F4_V1.28.1/Drivers/STM32F4xx_HAL_Driver/Inc/Legacy -IC:/Users/NXS/STM32Cube/Repository/STM32Cube_FW_F4_V1.28.1/Drivers/CMSIS/Device/ST/STM32F4xx/Include -IC:/Users/NXS/STM32Cube/Repository/STM32Cube_FW_F4_V1.28.1/Drivers/CMSIS/Include -O0 -ffunction-sections -fdata-sections -Wall -fstack-usage -fcyclomatic-complexity -MMD -MP -MF"Core/Src/main.d" -MT"Core/Src/main.o" --specs=nano.specs -mfpu=fpv4-sp-d16 -mfloat-abi=hard -mthumb -o "Core/Src/main.o"
arm-none-eabi-gcc -o "I2C.elf" @"objects.list"   -mcpu=cortex-m4 -T"D:\DT\Learn\20252\6.HeNhung\he_nhung\BTLT\B11\STM32F429-I2C\STM32F429ZITX_FLASH.ld" --specs=nosys.specs -Wl,-Map="I2C.map" -Wl,--gc-sections -static --specs=nano.specs -mfpu=fpv4-sp-d16 -mfloat-abi=hard -mthumb -Wl,--start-group -lc -lm -Wl,--end-group
Finished building target: I2C.elf
 
arm-none-eabi-size  I2C.elf 
arm-none-eabi-objdump -h -S I2C.elf  > "I2C.list"
   text	   data	    bss	    dec	    hex	filename
   8088	     12	   1652	   9752	   2618	I2C.elf
Finished building: default.size.stdout
 
Finished building: I2C.list
 
10:16:04 **** Build of configuration Debug for project I2C ****
make -j12 all 
arm-none-eabi-gcc "../Core/Src/SH1106.c" -mcpu=cortex-m4 -std=gnu11 -g3 -DDEBUG -DUSE_HAL_DRIVER -DSTM32F429xx -c -I../Core/Inc -IC:/Users/NXS/STM32Cube/Repository/STM32Cube_FW_F4_V1.28.1/Drivers/STM32F4xx_HAL_Driver/Inc -IC:/Users/NXS/STM32Cube/Repository/STM32Cube_FW_F4_V1.28.1/Drivers/STM32F4xx_HAL_Driver/Inc/Legacy -IC:/Users/NXS/STM32Cube/Repository/STM32Cube_FW_F4_V1.28.1/Drivers/CMSIS/Device/ST/STM32F4xx/Include -IC:/Users/NXS/STM32Cube/Repository/STM32Cube_FW_F4_V1.28.1/Drivers/CMSIS/Include -O0 -ffunction-sections -fdata-sections -Wall -fstack-usage -fcyclomatic-complexity -MMD -MP -MF"Core/Src/SH1106.d" -MT"Core/Src/SH1106.o" --specs=nano.specs -mfpu=fpv4-sp-d16 -mfloat-abi=hard -mthumb -o "Core/Src/SH1106.o"
arm-none-eabi-gcc "../Core/Src/main.c" -mcpu=cortex-m4 -std=gnu11 -g3 -DDEBUG -DUSE_HAL_DRIVER -DSTM32F429xx -c -I../Core/Inc -IC:/Users/NXS/STM32Cube/Repository/STM32Cube_FW_F4_V1.28.1/Drivers/STM32F4xx_HAL_Driver/Inc -IC:/Users/NXS/STM32Cube/Repository/STM32Cube_FW_F4_V1.28.1/Drivers/STM32F4xx_HAL_Driver/Inc/Legacy -IC:/Users/NXS/STM32Cube/Repository/STM32Cube_FW_F4_V1.28.1/Drivers/CMSIS/Device/ST/STM32F4xx/Include -IC:/Users/NXS/STM32Cube/Repository/STM32Cube_FW_F4_V1.28.1/Drivers/CMSIS/Include -O0 -ffunction-sections -fdata-sections -Wall -fstack-usage -fcyclomatic-complexity -MMD -MP -MF"Core/Src/main.d" -MT"Core/Src/main.o" --specs=nano.specs -mfpu=fpv4-sp-d16 -mfloat-abi=hard -mthumb -o "Core/Src/main.o"
arm-none-eabi-gcc "../Core/Src/stm32f4xx_hal_msp.c" -mcpu=cortex-m4 -std=gnu11 -g3 -DDEBUG -DUSE_HAL_DRIVER -DSTM32F429xx -c -I../Core/Inc -IC:/Users/NXS/STM32Cube/Repository/STM32Cube_FW_F4_V1.28.1/Drivers/STM32F4xx_HAL_Driver/Inc -IC:/Users/NXS/STM32Cube/Repository/STM32Cube_FW_F4_V1.28.1/Drivers/STM32F4xx_HAL_Driver/Inc/Legacy -IC:/Users/NXS/STM32Cube/Repository/STM32Cube_FW_F4_V1.28.1/Drivers/CMSIS/Device/ST/STM32F4xx/Include -IC:/Users/NXS/STM32Cube/Repository/STM32Cube_FW_F4_V1.28.1/Drivers/CMSIS/Include -O0 -ffunction-sections -fdata-sections -Wall -fstack-usage -fcyclomatic-complexity -MMD -MP -MF"Core/Src/stm32f4xx_hal_msp.d" -MT"Core/Src/stm32f4xx_hal_msp.o" --specs=nano.specs -mfpu=fpv4-sp-d16 -mfloat-abi=hard -mthumb -o "Core/Src/stm32f4xx_hal_msp.o"
arm-none-eabi-gcc "../Core/Src/stm32f4xx_it.c" -mcpu=cortex-m4 -std=gnu11 -g3 -DDEBUG -DUSE_HAL_DRIVER -DSTM32F429xx -c -I../Core/Inc -IC:/Users/NXS/STM32Cube/Repository/STM32Cube_FW_F4_V1.28.1/Drivers/STM32F4xx_HAL_Driver/Inc -IC:/Users/NXS/STM32Cube/Repository/STM32Cube_FW_F4_V1.28.1/Drivers/STM32F4xx_HAL_Driver/Inc/Legacy -IC:/Users/NXS/STM32Cube/Repository/STM32Cube_FW_F4_V1.28.1/Drivers/CMSIS/Device/ST/STM32F4xx/Include -IC:/Users/NXS/STM32Cube/Repository/STM32Cube_FW_F4_V1.28.1/Drivers/CMSIS/Include -O0 -ffunction-sections -fdata-sections -Wall -fstack-usage -fcyclomatic-complexity -MMD -MP -MF"Core/Src/stm32f4xx_it.d" -MT"Core/Src/stm32f4xx_it.o" --specs=nano.specs -mfpu=fpv4-sp-d16 -mfloat-abi=hard -mthumb -o "Core/Src/stm32f4xx_it.o"
../Core/Src/stm32f4xx_it.c:61:8: error: unknown type name 'TIM_HandleTypeDef'
   61 | extern TIM_HandleTypeDef htim6;
      |        ^~~~~~~~~~~~~~~~~
../Core/Src/stm32f4xx_it.c: In function 'EXTI1_IRQHandler':
../Core/Src/stm32f4xx_it.c:214:10: error: request for member 'Instance' in something not a structure or union
  214 |     htim6.Instance->PSC = 89;         // 90MHz / 90 = 1MHz -> 1us/tick
      |          ^
../Core/Src/stm32f4xx_it.c:215:10: error: request for member 'Instance' in something not a structure or union
  215 |     htim6.Instance->ARR = 0xFFFF;
      |          ^
../Core/Src/stm32f4xx_hal_msp.c:158:27: error: unknown type name 'TIM_HandleTypeDef'; did you mean 'I2C_HandleTypeDef'?
  158 | void HAL_TIM_Base_MspInit(TIM_HandleTypeDef* htim_base)
      |                           ^~~~~~~~~~~~~~~~~
      |                           I2C_HandleTypeDef
../Core/Src/main.c:44:1: error: unknown type name 'TIM_HandleTypeDef'; did you mean 'I2C_HandleTypeDef'?
   44 | TIM_HandleTypeDef htim6;
      | ^~~~~~~~~~~~~~~~~
      | I2C_HandleTypeDef
../Core/Src/main.c: In function 'MX_TIM6_Init':
../Core/Src/main.c:372:8: error: request for member 'Instance' in something not a structure or union
  372 |   htim6.Instance = TIM6;
      |        ^
../Core/Src/main.c:373:8: error: request for member 'Init' in something not a structure or union
  373 |   htim6.Init.Prescaler = 89;         // 90MHz / 90 = 1MHz -> 1 tick = 1us
      |        ^
../Core/Src/main.c:374:8: error: request for member 'Init' in something not a structure or union
  374 |   htim6.Init.CounterMode = TIM_COUNTERMODE_UP;
      |        ^
../Core/Src/stm32f4xx_hal_msp.c:166:29: error: unknown type name 'TIM_HandleTypeDef'; did you mean 'I2C_HandleTypeDef'?
  166 | void HAL_TIM_Base_MspDeInit(TIM_HandleTypeDef* htim_base)
      |                             ^~~~~~~~~~~~~~~~~
      |                             I2C_HandleTypeDef
../Core/Src/stm32f4xx_it.c:216:5: warning: implicit declaration of function '__HAL_TIM_SET_COUNTER' [-Wimplicit-function-declaration]
  216 |     __HAL_TIM_SET_COUNTER(&htim6, 0);
      |     ^~~~~~~~~~~~~~~~~~~~~
make: *** [Core/Src/subdir.mk:40: Core/Src/stm32f4xx_hal_msp.o] Error 1
make: *** Waiting for unfinished jobs....
../Core/Src/main.c:374:28: error: 'TIM_COUNTERMODE_UP' undeclared (first use in this function)
  374 |   htim6.Init.CounterMode = TIM_COUNTERMODE_UP;
      |                            ^~~~~~~~~~~~~~~~~~
../Core/Src/main.c:374:28: note: each undeclared identifier is reported only once for each function it appears in
../Core/Src/main.c:375:8: error: request for member 'Init' in something not a structure or union
  375 |   htim6.Init.Period = 0xFFFF;        // Max 65535 us
      |        ^
../Core/Src/main.c:376:8: error: request for member 'Init' in something not a structure or union
  376 |   htim6.Init.AutoReloadPreload = TIM_AUTORELOAD_PRELOAD_DISABLE;
      |        ^
../Core/Src/stm32f4xx_it.c:217:5: warning: implicit declaration of function 'HAL_TIM_Base_Start'; did you mean 'HAL_DMA_Start'? [-Wimplicit-function-declaration]
  217 |     HAL_TIM_Base_Start(&htim6);
      |     ^~~~~~~~~~~~~~~~~~
      |     HAL_DMA_Start
../Core/Src/stm32f4xx_it.c:220:5: warning: implicit declaration of function 'HAL_TIM_Base_Stop' [-Wimplicit-function-declaration]
  220 |     HAL_TIM_Base_Stop(&htim6);
      |     ^~~~~~~~~~~~~~~~~
../Core/Src/main.c:376:34: error: 'TIM_AUTORELOAD_PRELOAD_DISABLE' undeclared (first use in this function)
  376 |   htim6.Init.AutoReloadPreload = TIM_AUTORELOAD_PRELOAD_DISABLE;
      |                                  ^~~~~~~~~~~~~~~~~~~~~~~~~~~~~~
../Core/Src/main.c:377:7: warning: implicit declaration of function 'HAL_TIM_Base_Init' [-Wimplicit-function-declaration]
  377 |   if (HAL_TIM_Base_Init(&htim6) != HAL_OK)
      |       ^~~~~~~~~~~~~~~~~
../Core/Src/stm32f4xx_it.c:221:19: warning: implicit declaration of function '__HAL_TIM_GET_COUNTER' [-Wimplicit-function-declaration]
  221 |     int echo_us = __HAL_TIM_GET_COUNTER(&htim6);
      |                   ^~~~~~~~~~~~~~~~~~~~~
make: *** [Core/Src/subdir.mk:40: Core/Src/stm32f4xx_it.o] Error 1
make: *** [Core/Src/subdir.mk:40: Core/Src/main.o] Error 1
"make -j12 all" terminated with exit code 2. Build might be incomplete.
10:16:56 **** Build of configuration Debug for project I2C ****
make -j12 all 
arm-none-eabi-gcc "../Core/Src/main.c" -mcpu=cortex-m4 -std=gnu11 -g3 -DDEBUG -DUSE_HAL_DRIVER -DSTM32F429xx -c -I../Core/Inc -IC:/Users/NXS/STM32Cube/Repository/STM32Cube_FW_F4_V1.28.1/Drivers/STM32F4xx_HAL_Driver/Inc -IC:/Users/NXS/STM32Cube/Repository/STM32Cube_FW_F4_V1.28.1/Drivers/STM32F4xx_HAL_Driver/Inc/Legacy -IC:/Users/NXS/STM32Cube/Repository/STM32Cube_FW_F4_V1.28.1/Drivers/CMSIS/Device/ST/STM32F4xx/Include -IC:/Users/NXS/STM32Cube/Repository/STM32Cube_FW_F4_V1.28.1/Drivers/CMSIS/Include -O0 -ffunction-sections -fdata-sections -Wall -fstack-usage -fcyclomatic-complexity -MMD -MP -MF"Core/Src/main.d" -MT"Core/Src/main.o" --specs=nano.specs -mfpu=fpv4-sp-d16 -mfloat-abi=hard -mthumb -o "Core/Src/main.o"
arm-none-eabi-gcc "../Core/Src/stm32f4xx_hal_msp.c" -mcpu=cortex-m4 -std=gnu11 -g3 -DDEBUG -DUSE_HAL_DRIVER -DSTM32F429xx -c -I../Core/Inc -IC:/Users/NXS/STM32Cube/Repository/STM32Cube_FW_F4_V1.28.1/Drivers/STM32F4xx_HAL_Driver/Inc -IC:/Users/NXS/STM32Cube/Repository/STM32Cube_FW_F4_V1.28.1/Drivers/STM32F4xx_HAL_Driver/Inc/Legacy -IC:/Users/NXS/STM32Cube/Repository/STM32Cube_FW_F4_V1.28.1/Drivers/CMSIS/Device/ST/STM32F4xx/Include -IC:/Users/NXS/STM32Cube/Repository/STM32Cube_FW_F4_V1.28.1/Drivers/CMSIS/Include -O0 -ffunction-sections -fdata-sections -Wall -fstack-usage -fcyclomatic-complexity -MMD -MP -MF"Core/Src/stm32f4xx_hal_msp.d" -MT"Core/Src/stm32f4xx_hal_msp.o" --specs=nano.specs -mfpu=fpv4-sp-d16 -mfloat-abi=hard -mthumb -o "Core/Src/stm32f4xx_hal_msp.o"
arm-none-eabi-gcc "../Core/Src/stm32f4xx_it.c" -mcpu=cortex-m4 -std=gnu11 -g3 -DDEBUG -DUSE_HAL_DRIVER -DSTM32F429xx -c -I../Core/Inc -IC:/Users/NXS/STM32Cube/Repository/STM32Cube_FW_F4_V1.28.1/Drivers/STM32F4xx_HAL_Driver/Inc -IC:/Users/NXS/STM32Cube/Repository/STM32Cube_FW_F4_V1.28.1/Drivers/STM32F4xx_HAL_Driver/Inc/Legacy -IC:/Users/NXS/STM32Cube/Repository/STM32Cube_FW_F4_V1.28.1/Drivers/CMSIS/Device/ST/STM32F4xx/Include -IC:/Users/NXS/STM32Cube/Repository/STM32Cube_FW_F4_V1.28.1/Drivers/CMSIS/Include -O0 -ffunction-sections -fdata-sections -Wall -fstack-usage -fcyclomatic-complexity -MMD -MP -MF"Core/Src/stm32f4xx_it.d" -MT"Core/Src/stm32f4xx_it.o" --specs=nano.specs -mfpu=fpv4-sp-d16 -mfloat-abi=hard -mthumb -o "Core/Src/stm32f4xx_it.o"
../Core/Src/stm32f4xx_hal_msp.c:158:27: error: unknown type name 'TIM_HandleTypeDef'; did you mean 'I2C_HandleTypeDef'?
  158 | void HAL_TIM_Base_MspInit(TIM_HandleTypeDef* htim_base)
      |                           ^~~~~~~~~~~~~~~~~
      |                           I2C_HandleTypeDef
../Core/Src/stm32f4xx_it.c:61:8: error: unknown type name 'TIM_HandleTypeDef'
   61 | extern TIM_HandleTypeDef htim6;
      |        ^~~~~~~~~~~~~~~~~
../Core/Src/stm32f4xx_it.c: In function 'EXTI1_IRQHandler':
../Core/Src/stm32f4xx_it.c:214:10: error: request for member 'Instance' in something not a structure or union
  214 |     htim6.Instance->PSC = 89;         // 90MHz / 90 = 1MHz -> 1us/tick
      |          ^
../Core/Src/stm32f4xx_it.c:215:10: error: request for member 'Instance' in something not a structure or union
  215 |     htim6.Instance->ARR = 0xFFFF;
      |          ^
../Core/Src/main.c:44:1: error: unknown type name 'TIM_HandleTypeDef'; did you mean 'I2C_HandleTypeDef'?
   44 | TIM_HandleTypeDef htim6;
      | ^~~~~~~~~~~~~~~~~
      | I2C_HandleTypeDef
../Core/Src/main.c: In function 'MX_TIM6_Init':
../Core/Src/main.c:372:8: error: request for member 'Instance' in something not a structure or union
  372 |   htim6.Instance = TIM6;
      |        ^
../Core/Src/main.c:373:8: error: request for member 'Init' in something not a structure or union
  373 |   htim6.Init.Prescaler = 89;         // 90MHz / 90 = 1MHz -> 1 tick = 1us
      |        ^
../Core/Src/main.c:374:8: error: request for member 'Init' in something not a structure or union
  374 |   htim6.Init.CounterMode = TIM_COUNTERMODE_UP;
      |        ^
../Core/Src/stm32f4xx_hal_msp.c:166:29: error: unknown type name 'TIM_HandleTypeDef'; did you mean 'I2C_HandleTypeDef'?
  166 | void HAL_TIM_Base_MspDeInit(TIM_HandleTypeDef* htim_base)
      |                             ^~~~~~~~~~~~~~~~~
      |                             I2C_HandleTypeDef
../Core/Src/main.c:374:28: error: 'TIM_COUNTERMODE_UP' undeclared (first use in this function)
  374 |   htim6.Init.CounterMode = TIM_COUNTERMODE_UP;
      |                            ^~~~~~~~~~~~~~~~~~
../Core/Src/main.c:374:28: note: each undeclared identifier is reported only once for each function it appears in
../Core/Src/main.c:375:8: error: request for member 'Init' in something not a structure or union
  375 |   htim6.Init.Period = 0xFFFF;        // Max 65535 us
      |        ^
../Core/Src/main.c:376:8: error: request for member 'Init' in something not a structure or union
  376 |   htim6.Init.AutoReloadPreload = TIM_AUTORELOAD_PRELOAD_DISABLE;
[...]
arm-none-eabi-gcc "C:/Users/NXS/STM32Cube/Repository/STM32Cube_FW_F4_V1.28.1/Drivers/STM32F4xx_HAL_Driver/Src/stm32f4xx_hal_gpio.c" -mcpu=cortex-m4 -std=gnu11 -g3 -DDEBUG -DUSE_HAL_DRIVER -DSTM32F429xx -c -I../Core/Inc -IC:/Users/NXS/STM32Cube/Repository/STM32Cube_FW_F4_V1.28.1/Drivers/STM32F4xx_HAL_Driver/Inc -IC:/Users/NXS/STM32Cube/Repository/STM32Cube_FW_F4_V1.28.1/Drivers/STM32F4xx_HAL_Driver/Inc/Legacy -IC:/Users/NXS/STM32Cube/Repository/STM32Cube_FW_F4_V1.28.1/Drivers/CMSIS/Device/ST/STM32F4xx/Include -IC:/Users/NXS/STM32Cube/Repository/STM32Cube_FW_F4_V1.28.1/Drivers/CMSIS/Include -O0 -ffunction-sections -fdata-sections -Wall -fstack-usage -fcyclomatic-complexity -MMD -MP -MF"Drivers/STM32F4xx_HAL_Driver/stm32f4xx_hal_gpio.d" -MT"Drivers/STM32F4xx_HAL_Driver/stm32f4xx_hal_gpio.o" --specs=nano.specs -mfpu=fpv4-sp-d16 -mfloat-abi=hard -mthumb -o "Drivers/STM32F4xx_HAL_Driver/stm32f4xx_hal_gpio.o"
arm-none-eabi-gcc "C:/Users/NXS/STM32Cube/Repository/STM32Cube_FW_F4_V1.28.1/Drivers/STM32F4xx_HAL_Driver/Src/stm32f4xx_hal_pwr.c" -mcpu=cortex-m4 -std=gnu11 -g3 -DDEBUG -DUSE_HAL_DRIVER -DSTM32F429xx -c -I../Core/Inc -IC:/Users/NXS/STM32Cube/Repository/STM32Cube_FW_F4_V1.28.1/Drivers/STM32F4xx_HAL_Driver/Inc -IC:/Users/NXS/STM32Cube/Repository/STM32Cube_FW_F4_V1.28.1/Drivers/STM32F4xx_HAL_Driver/Inc/Legacy -IC:/Users/NXS/STM32Cube/Repository/STM32Cube_FW_F4_V1.28.1/Drivers/CMSIS/Device/ST/STM32F4xx/Include -IC:/Users/NXS/STM32Cube/Repository/STM32Cube_FW_F4_V1.28.1/Drivers/CMSIS/Include -O0 -ffunction-sections -fdata-sections -Wall -fstack-usage -fcyclomatic-complexity -MMD -MP -MF"Drivers/STM32F4xx_HAL_Driver/stm32f4xx_hal_pwr.d" -MT"Drivers/STM32F4xx_HAL_Driver/stm32f4xx_hal_pwr.o" --specs=nano.specs -mfpu=fpv4-sp-d16 -mfloat-abi=hard -mthumb -o "Drivers/STM32F4xx_HAL_Driver/stm32f4xx_hal_pwr.o"
arm-none-eabi-gcc "C:/Users/NXS/STM32Cube/Repository/STM32Cube_FW_F4_V1.28.1/Drivers/STM32F4xx_HAL_Driver/Src/stm32f4xx_hal_pwr_ex.c" -mcpu=cortex-m4 -std=gnu11 -g3 -DDEBUG -DUSE_HAL_DRIVER -DSTM32F429xx -c -I../Core/Inc -IC:/Users/NXS/STM32Cube/Repository/STM32Cube_FW_F4_V1.28.1/Drivers/STM32F4xx_HAL_Driver/Inc -IC:/Users/NXS/STM32Cube/Repository/STM32Cube_FW_F4_V1.28.1/Drivers/STM32F4xx_HAL_Driver/Inc/Legacy -IC:/Users/NXS/STM32Cube/Repository/STM32Cube_FW_F4_V1.28.1/Drivers/CMSIS/Device/ST/STM32F4xx/Include -IC:/Users/NXS/STM32Cube/Repository/STM32Cube_FW_F4_V1.28.1/Drivers/CMSIS/Include -O0 -ffunction-sections -fdata-sections -Wall -fstack-usage -fcyclomatic-complexity -MMD -MP -MF"Drivers/STM32F4xx_HAL_Driver/stm32f4xx_hal_pwr_ex.d" -MT"Drivers/STM32F4xx_HAL_Driver/stm32f4xx_hal_pwr_ex.o" --specs=nano.specs -mfpu=fpv4-sp-d16 -mfloat-abi=hard -mthumb -o "Drivers/STM32F4xx_HAL_Driver/stm32f4xx_hal_pwr_ex.o"
arm-none-eabi-gcc "C:/Users/NXS/STM32Cube/Repository/STM32Cube_FW_F4_V1.28.1/Drivers/STM32F4xx_HAL_Driver/Src/stm32f4xx_hal_rcc.c" -mcpu=cortex-m4 -std=gnu11 -g3 -DDEBUG -DUSE_HAL_DRIVER -DSTM32F429xx -c -I../Core/Inc -IC:/Users/NXS/STM32Cube/Repository/STM32Cube_FW_F4_V1.28.1/Drivers/STM32F4xx_HAL_Driver/Inc -IC:/Users/NXS/STM32Cube/Repository/STM32Cube_FW_F4_V1.28.1/Drivers/STM32F4xx_HAL_Driver/Inc/Legacy -IC:/Users/NXS/STM32Cube/Repository/STM32Cube_FW_F4_V1.28.1/Drivers/CMSIS/Device/ST/STM32F4xx/Include -IC:/Users/NXS/STM32Cube/Repository/STM32Cube_FW_F4_V1.28.1/Drivers/CMSIS/Include -O0 -ffunction-sections -fdata-sections -Wall -fstack-usage -fcyclomatic-complexity -MMD -MP -MF"Drivers/STM32F4xx_HAL_Driver/stm32f4xx_hal_rcc.d" -MT"Drivers/STM32F4xx_HAL_Driver/stm32f4xx_hal_rcc.o" --specs=nano.specs -mfpu=fpv4-sp-d16 -mfloat-abi=hard -mthumb -o "Drivers/STM32F4xx_HAL_Driver/stm32f4xx_hal_rcc.o"
arm-none-eabi-gcc "C:/Users/NXS/STM32Cube/Repository/STM32Cube_FW_F4_V1.28.1/Drivers/STM32F4xx_HAL_Driver/Src/stm32f4xx_hal_rcc_ex.c" -mcpu=cortex-m4 -std=gnu11 -g3 -DDEBUG -DUSE_HAL_DRIVER -DSTM32F429xx -c -I../Core/Inc -IC:/Users/NXS/STM32Cube/Repository/STM32Cube_FW_F4_V1.28.1/Drivers/STM32F4xx_HAL_Driver/Inc -IC:/Users/NXS/STM32Cube/Repository/STM32Cube_FW_F4_V1.28.1/Drivers/STM32F4xx_HAL_Driver/Inc/Legacy -IC:/Users/NXS/STM32Cube/Repository/STM32Cube_FW_F4_V1.28.1/Drivers/CMSIS/Device/ST/STM32F4xx/Include -IC:/Users/NXS/STM32Cube/Repository/STM32Cube_FW_F4_V1.28.1/Drivers/CMSIS/Include -O0 -ffunction-sections -fdata-sections -Wall -fstack-usage -fcyclomatic-complexity -MMD -MP -MF"Drivers/STM32F4xx_HAL_Driver/stm32f4xx_hal_rcc_ex.d" -MT"Drivers/STM32F4xx_HAL_Driver/stm32f4xx_hal_rcc_ex.o" --specs=nano.specs -mfpu=fpv4-sp-d16 -mfloat-abi=hard -mthumb -o "Drivers/STM32F4xx_HAL_Driver/stm32f4xx_hal_rcc_ex.o"
arm-none-eabi-gcc "C:/Users/NXS/STM32Cube/Repository/STM32Cube_FW_F4_V1.28.1/Drivers/STM32F4xx_HAL_Driver/Src/stm32f4xx_hal_tim.c" -mcpu=cortex-m4 -std=gnu11 -g3 -DDEBUG -DUSE_HAL_DRIVER -DSTM32F429xx -c -I../Core/Inc -IC:/Users/NXS/STM32Cube/Repository/STM32Cube_FW_F4_V1.28.1/Drivers/STM32F4xx_HAL_Driver/Inc -IC:/Users/NXS/STM32Cube/Repository/STM32Cube_FW_F4_V1.28.1/Drivers/STM32F4xx_HAL_Driver/Inc/Legacy -IC:/Users/NXS/STM32Cube/Repository/STM32Cube_FW_F4_V1.28.1/Drivers/CMSIS/Device/ST/STM32F4xx/Include -IC:/Users/NXS/STM32Cube/Repository/STM32Cube_FW_F4_V1.28.1/Drivers/CMSIS/Include -O0 -ffunction-sections -fdata-sections -Wall -fstack-usage -fcyclomatic-complexity -MMD -MP -MF"Drivers/STM32F4xx_HAL_Driver/stm32f4xx_hal_tim.d" -MT"Drivers/STM32F4xx_HAL_Driver/stm32f4xx_hal_tim.o" --specs=nano.specs -mfpu=fpv4-sp-d16 -mfloat-abi=hard -mthumb -o "Drivers/STM32F4xx_HAL_Driver/stm32f4xx_hal_tim.o"
arm-none-eabi-gcc "C:/Users/NXS/STM32Cube/Repository/STM32Cube_FW_F4_V1.28.1/Drivers/STM32F4xx_HAL_Driver/Src/stm32f4xx_hal_tim_ex.c" -mcpu=cortex-m4 -std=gnu11 -g3 -DDEBUG -DUSE_HAL_DRIVER -DSTM32F429xx -c -I../Core/Inc -IC:/Users/NXS/STM32Cube/Repository/STM32Cube_FW_F4_V1.28.1/Drivers/STM32F4xx_HAL_Driver/Inc -IC:/Users/NXS/STM32Cube/Repository/STM32Cube_FW_F4_V1.28.1/Drivers/STM32F4xx_HAL_Driver/Inc/Legacy -IC:/Users/NXS/STM32Cube/Repository/STM32Cube_FW_F4_V1.28.1/Drivers/CMSIS/Device/ST/STM32F4xx/Include -IC:/Users/NXS/STM32Cube/Repository/STM32Cube_FW_F4_V1.28.1/Drivers/CMSIS/Include -O0 -ffunction-sections -fdata-sections -Wall -fstack-usage -fcyclomatic-complexity -MMD -MP -MF"Drivers/STM32F4xx_HAL_Driver/stm32f4xx_hal_tim_ex.d" -MT"Drivers/STM32F4xx_HAL_Driver/stm32f4xx_hal_tim_ex.o" --specs=nano.specs -mfpu=fpv4-sp-d16 -mfloat-abi=hard -mthumb -o "Drivers/STM32F4xx_HAL_Driver/stm32f4xx_hal_tim_ex.o"
arm-none-eabi-gcc "../Core/Src/SH1106.c" -mcpu=cortex-m4 -std=gnu11 -g3 -DDEBUG -DUSE_HAL_DRIVER -DSTM32F429xx -c -I../Core/Inc -IC:/Users/NXS/STM32Cube/Repository/STM32Cube_FW_F4_V1.28.1/Drivers/STM32F4xx_HAL_Driver/Inc -IC:/Users/NXS/STM32Cube/Repository/STM32Cube_FW_F4_V1.28.1/Drivers/STM32F4xx_HAL_Driver/Inc/Legacy -IC:/Users/NXS/STM32Cube/Repository/STM32Cube_FW_F4_V1.28.1/Drivers/CMSIS/Device/ST/STM32F4xx/Include -IC:/Users/NXS/STM32Cube/Repository/STM32Cube_FW_F4_V1.28.1/Drivers/CMSIS/Include -O0 -ffunction-sections -fdata-sections -Wall -fstack-usage -fcyclomatic-complexity -MMD -MP -MF"Core/Src/SH1106.d" -MT"Core/Src/SH1106.o" --specs=nano.specs -mfpu=fpv4-sp-d16 -mfloat-abi=hard -mthumb -o "Core/Src/SH1106.o"
arm-none-eabi-gcc "../Core/Src/fonts.c" -mcpu=cortex-m4 -std=gnu11 -g3 -DDEBUG -DUSE_HAL_DRIVER -DSTM32F429xx -c -I../Core/Inc -IC:/Users/NXS/STM32Cube/Repository/STM32Cube_FW_F4_V1.28.1/Drivers/STM32F4xx_HAL_Driver/Inc -IC:/Users/NXS/STM32Cube/Repository/STM32Cube_FW_F4_V1.28.1/Drivers/STM32F4xx_HAL_Driver/Inc/Legacy -IC:/Users/NXS/STM32Cube/Repository/STM32Cube_FW_F4_V1.28.1/Drivers/CMSIS/Device/ST/STM32F4xx/Include -IC:/Users/NXS/STM32Cube/Repository/STM32Cube_FW_F4_V1.28.1/Drivers/CMSIS/Include -O0 -ffunction-sections -fdata-sections -Wall -fstack-usage -fcyclomatic-complexity -MMD -MP -MF"Core/Src/fonts.d" -MT"Core/Src/fonts.o" --specs=nano.specs -mfpu=fpv4-sp-d16 -mfloat-abi=hard -mthumb -o "Core/Src/fonts.o"
arm-none-eabi-gcc "../Core/Src/main.c" -mcpu=cortex-m4 -std=gnu11 -g3 -DDEBUG -DUSE_HAL_DRIVER -DSTM32F429xx -c -I../Core/Inc -IC:/Users/NXS/STM32Cube/Repository/STM32Cube_FW_F4_V1.28.1/Drivers/STM32F4xx_HAL_Driver/Inc -IC:/Users/NXS/STM32Cube/Repository/STM32Cube_FW_F4_V1.28.1/Drivers/STM32F4xx_HAL_Driver/Inc/Legacy -IC:/Users/NXS/STM32Cube/Repository/STM32Cube_FW_F4_V1.28.1/Drivers/CMSIS/Device/ST/STM32F4xx/Include -IC:/Users/NXS/STM32Cube/Repository/STM32Cube_FW_F4_V1.28.1/Drivers/CMSIS/Include -O0 -ffunction-sections -fdata-sections -Wall -fstack-usage -fcyclomatic-complexity -MMD -MP -MF"Core/Src/main.d" -MT"Core/Src/main.o" --specs=nano.specs -mfpu=fpv4-sp-d16 -mfloat-abi=hard -mthumb -o "Core/Src/main.o"
arm-none-eabi-gcc "../Core/Src/stm32f4xx_hal_msp.c" -mcpu=cortex-m4 -std=gnu11 -g3 -DDEBUG -DUSE_HAL_DRIVER -DSTM32F429xx -c -I../Core/Inc -IC:/Users/NXS/STM32Cube/Repository/STM32Cube_FW_F4_V1.28.1/Drivers/STM32F4xx_HAL_Driver/Inc -IC:/Users/NXS/STM32Cube/Repository/STM32Cube_FW_F4_V1.28.1/Drivers/STM32F4xx_HAL_Driver/Inc/Legacy -IC:/Users/NXS/STM32Cube/Repository/STM32Cube_FW_F4_V1.28.1/Drivers/CMSIS/Device/ST/STM32F4xx/Include -IC:/Users/NXS/STM32Cube/Repository/STM32Cube_FW_F4_V1.28.1/Drivers/CMSIS/Include -O0 -ffunction-sections -fdata-sections -Wall -fstack-usage -fcyclomatic-complexity -MMD -MP -MF"Core/Src/stm32f4xx_hal_msp.d" -MT"Core/Src/stm32f4xx_hal_msp.o" --specs=nano.specs -mfpu=fpv4-sp-d16 -mfloat-abi=hard -mthumb -o "Core/Src/stm32f4xx_hal_msp.o"
arm-none-eabi-gcc "../Core/Src/stm32f4xx_it.c" -mcpu=cortex-m4 -std=gnu11 -g3 -DDEBUG -DUSE_HAL_DRIVER -DSTM32F429xx -c -I../Core/Inc -IC:/Users/NXS/STM32Cube/Repository/STM32Cube_FW_F4_V1.28.1/Drivers/STM32F4xx_HAL_Driver/Inc -IC:/Users/NXS/STM32Cube/Repository/STM32Cube_FW_F4_V1.28.1/Drivers/STM32F4xx_HAL_Driver/Inc/Legacy -IC:/Users/NXS/STM32Cube/Repository/STM32Cube_FW_F4_V1.28.1/Drivers/CMSIS/Device/ST/STM32F4xx/Include -IC:/Users/NXS/STM32Cube/Repository/STM32Cube_FW_F4_V1.28.1/Drivers/CMSIS/Include -O0 -ffunction-sections -fdata-sections -Wall -fstack-usage -fcyclomatic-complexity -MMD -MP -MF"Core/Src/stm32f4xx_it.d" -MT"Core/Src/stm32f4xx_it.o" --specs=nano.specs -mfpu=fpv4-sp-d16 -mfloat-abi=hard -mthumb -o "Core/Src/stm32f4xx_it.o"
arm-none-eabi-gcc "../Core/Src/system_stm32f4xx.c" -mcpu=cortex-m4 -std=gnu11 -g3 -DDEBUG -DUSE_HAL_DRIVER -DSTM32F429xx -c -I../Core/Inc -IC:/Users/NXS/STM32Cube/Repository/STM32Cube_FW_F4_V1.28.1/Drivers/STM32F4xx_HAL_Driver/Inc -IC:/Users/NXS/STM32Cube/Repository/STM32Cube_FW_F4_V1.28.1/Drivers/STM32F4xx_HAL_Driver/Inc/Legacy -IC:/Users/NXS/STM32Cube/Repository/STM32Cube_FW_F4_V1.28.1/Drivers/CMSIS/Device/ST/STM32F4xx/Include -IC:/Users/NXS/STM32Cube/Repository/STM32Cube_FW_F4_V1.28.1/Drivers/CMSIS/Include -O0 -ffunction-sections -fdata-sections -Wall -fstack-usage -fcyclomatic-complexity -MMD -MP -MF"Core/Src/system_stm32f4xx.d" -MT"Core/Src/system_stm32f4xx.o" --specs=nano.specs -mfpu=fpv4-sp-d16 -mfloat-abi=hard -mthumb -o "Core/Src/system_stm32f4xx.o"
../Core/Src/stm32f4xx_hal_msp.c:132:6: error: redefinition of 'HAL_TIM_Base_MspInit'
  132 | void HAL_TIM_Base_MspInit(TIM_HandleTypeDef* htim_base)
      |      ^~~~~~~~~~~~~~~~~~~~
../Core/Src/stm32f4xx_hal_msp.c:86:6: note: previous definition of 'HAL_TIM_Base_MspInit' with type 'void(TIM_HandleTypeDef *)'
   86 | void HAL_TIM_Base_MspInit(TIM_HandleTypeDef* htim_base)
      |      ^~~~~~~~~~~~~~~~~~~~
../Core/Src/stm32f4xx_hal_msp.c:140:6: error: redefinition of 'HAL_TIM_Base_MspDeInit'
  140 | void HAL_TIM_Base_MspDeInit(TIM_HandleTypeDef* htim_base)
      |      ^~~~~~~~~~~~~~~~~~~~~~
../Core/Src/stm32f4xx_hal_msp.c:111:6: note: previous definition of 'HAL_TIM_Base_MspDeInit' with type 'void(TIM_HandleTypeDef *)'
  111 | void HAL_TIM_Base_MspDeInit(TIM_HandleTypeDef* htim_base)
      |      ^~~~~~~~~~~~~~~~~~~~~~
make: *** [Core/Src/subdir.mk:40: Core/Src/stm32f4xx_hal_msp.o] Error 1
make: *** Waiting for unfinished jobs....
../Core/Src/main.c: In function 'MX_GPIO_Init':
../Core/Src/main.c:361:20: error: redefinition of 'GPIO_InitStruct'
  361 |   GPIO_InitTypeDef GPIO_InitStruct = {0};
      |                    ^~~~~~~~~~~~~~~
../Core/Src/main.c:303:20: note: previous definition of 'GPIO_InitStruct' with type 'GPIO_InitTypeDef'
  303 |   GPIO_InitTypeDef GPIO_InitStruct = {0};
      |                    ^~~~~~~~~~~~~~~
make: *** [Core/Src/subdir.mk:40: Core/Src/main.o] Error 1
../Core/Src/stm32f4xx_it.c:247:6: error: redefinition of 'EXTI1_IRQHandler'
  247 | void EXTI1_IRQHandler(void)
      |      ^~~~~~~~~~~~~~~~
../Core/Src/stm32f4xx_it.c:206:6: note: previous definition of 'EXTI1_IRQHandler' with type 'void(void)'
  206 | void EXTI1_IRQHandler(void)
      |      ^~~~~~~~~~~~~~~~
make: *** [Core/Src/subdir.mk:40: Core/Src/stm32f4xx_it.o] Error 1
"make -j12 all" terminated with exit code 2. Build might be incomplete.
10:23:59 **** Incremental Build of configuration Debug for project I2C ****
make -j12 all 
arm-none-eabi-gcc "../Core/Src/main.c" -mcpu=cortex-m4 -std=gnu11 -g3 -DDEBUG -DUSE_HAL_DRIVER -DSTM32F429xx -c -I../Core/Inc -IC:/Users/NXS/STM32Cube/Repository/STM32Cube_FW_F4_V1.28.1/Drivers/STM32F4xx_HAL_Driver/Inc -IC:/Users/NXS/STM32Cube/Repository/STM32Cube_FW_F4_V1.28.1/Drivers/STM32F4xx_HAL_Driver/Inc/Legacy -IC:/Users/NXS/STM32Cube/Repository/STM32Cube_FW_F4_V1.28.1/Drivers/CMSIS/Device/ST/STM32F4xx/Include -IC:/Users/NXS/STM32Cube/Repository/STM32Cube_FW_F4_V1.28.1/Drivers/CMSIS/Include -O0 -ffunction-sections -fdata-sections -Wall -fstack-usage -fcyclomatic-complexity -MMD -MP -MF"Core/Src/main.d" -MT"Core/Src/main.o" --specs=nano.specs -mfpu=fpv4-sp-d16 -mfloat-abi=hard -mthumb -o "Core/Src/main.o"
arm-none-eabi-gcc "../Core/Src/stm32f4xx_hal_msp.c" -mcpu=cortex-m4 -std=gnu11 -g3 -DDEBUG -DUSE_HAL_DRIVER -DSTM32F429xx -c -I../Core/Inc -IC:/Users/NXS/STM32Cube/Repository/STM32Cube_FW_F4_V1.28.1/Drivers/STM32F4xx_HAL_Driver/Inc -IC:/Users/NXS/STM32Cube/Repository/STM32Cube_FW_F4_V1.28.1/Drivers/STM32F4xx_HAL_Driver/Inc/Legacy -IC:/Users/NXS/STM32Cube/Repository/STM32Cube_FW_F4_V1.28.1/Drivers/CMSIS/Device/ST/STM32F4xx/Include -IC:/Users/NXS/STM32Cube/Repository/STM32Cube_FW_F4_V1.28.1/Drivers/CMSIS/Include -O0 -ffunction-sections -fdata-sections -Wall -fstack-usage -fcyclomatic-complexity -MMD -MP -MF"Core/Src/stm32f4xx_hal_msp.d" -MT"Core/Src/stm32f4xx_hal_msp.o" --specs=nano.specs -mfpu=fpv4-sp-d16 -mfloat-abi=hard -mthumb -o "Core/Src/stm32f4xx_hal_msp.o"
arm-none-eabi-gcc "../Core/Src/stm32f4xx_it.c" -mcpu=cortex-m4 -std=gnu11 -g3 -DDEBUG -DUSE_HAL_DRIVER -DSTM32F429xx -c -I../Core/Inc -IC:/Users/NXS/STM32Cube/Repository/STM32Cube_FW_F4_V1.28.1/Drivers/STM32F4xx_HAL_Driver/Inc -IC:/Users/NXS/STM32Cube/Repository/STM32Cube_FW_F4_V1.28.1/Drivers/STM32F4xx_HAL_Driver/Inc/Legacy -IC:/Users/NXS/STM32Cube/Repository/STM32Cube_FW_F4_V1.28.1/Drivers/CMSIS/Device/ST/STM32F4xx/Include -IC:/Users/NXS/STM32Cube/Repository/STM32Cube_FW_F4_V1.28.1/Drivers/CMSIS/Include -O0 -ffunction-sections -fdata-sections -Wall -fstack-usage -fcyclomatic-complexity -MMD -MP -MF"Core/Src/stm32f4xx_it.d" -MT"Core/Src/stm32f4xx_it.o" --specs=nano.specs -mfpu=fpv4-sp-d16 -mfloat-abi=hard -mthumb -o "Core/Src/stm32f4xx_it.o"
../Core/Src/stm32f4xx_hal_msp.c:132:6: error: redefinition of 'HAL_TIM_Base_MspInit'
  132 | void HAL_TIM_Base_MspInit(TIM_HandleTypeDef* htim_base)
      |      ^~~~~~~~~~~~~~~~~~~~
../Core/Src/stm32f4xx_hal_msp.c:86:6: note: previous definition of 'HAL_TIM_Base_MspInit' with type 'void(TIM_HandleTypeDef *)'
   86 | void HAL_TIM_Base_MspInit(TIM_HandleTypeDef* htim_base)
      |      ^~~~~~~~~~~~~~~~~~~~
../Core/Src/stm32f4xx_hal_msp.c:140:6: error: redefinition of 'HAL_TIM_Base_MspDeInit'
  140 | void HAL_TIM_Base_MspDeInit(TIM_HandleTypeDef* htim_base)
      |      ^~~~~~~~~~~~~~~~~~~~~~
../Core/Src/stm32f4xx_hal_msp.c:111:6: note: previous definition of 'HAL_TIM_Base_MspDeInit' with type 'void(TIM_HandleTypeDef *)'
  111 | void HAL_TIM_Base_MspDeInit(TIM_HandleTypeDef* htim_base)
      |      ^~~~~~~~~~~~~~~~~~~~~~
../Core/Src/main.c: In function 'MX_GPIO_Init':
../Core/Src/main.c:361:20: error: redefinition of 'GPIO_InitStruct'
  361 |   GPIO_InitTypeDef GPIO_InitStruct = {0};
      |                    ^~~~~~~~~~~~~~~
../Core/Src/main.c:303:20: note: previous definition of 'GPIO_InitStruct' with type 'GPIO_InitTypeDef'
  303 |   GPIO_InitTypeDef GPIO_InitStruct = {0};
      |                    ^~~~~~~~~~~~~~~
make: *** [Core/Src/subdir.mk:40: Core/Src/stm32f4xx_hal_msp.o] Error 1
make: *** Waiting for unfinished jobs....
../Core/Src/stm32f4xx_it.c:247:6: error: redefinition of 'EXTI1_IRQHandler'
  247 | void EXTI1_IRQHandler(void)
      |      ^~~~~~~~~~~~~~~~
../Core/Src/stm32f4xx_it.c:206:6: note: previous definition of 'EXTI1_IRQHandler' with type 'void(void)'
  206 | void EXTI1_IRQHandler(void)
      |      ^~~~~~~~~~~~~~~~
make: *** [Core/Src/subdir.mk:40: Core/Src/main.o] Error 1
make: *** [Core/Src/subdir.mk:40: Core/Src/stm32f4xx_it.o] Error 1
"make -j12 all" terminated with exit code 2. Build might be incomplete.
10:28:05 **** Build of configuration Debug for project I2C ****
make -j12 all 
arm-none-eabi-gcc "../Core/Src/main.c" -mcpu=cortex-m4 -std=gnu11 -g3 -DDEBUG -DUSE_HAL_DRIVER -DSTM32F429xx -c -I../Core/Inc -IC:/Users/NXS/STM32Cube/Repository/STM32Cube_FW_F4_V1.28.1/Drivers/STM32F4xx_HAL_Driver/Inc -IC:/Users/NXS/STM32Cube/Repository/STM32Cube_FW_F4_V1.28.1/Drivers/STM32F4xx_HAL_Driver/Inc/Legacy -IC:/Users/NXS/STM32Cube/Repository/STM32Cube_FW_F4_V1.28.1/Drivers/CMSIS/Device/ST/STM32F4xx/Include -IC:/Users/NXS/STM32Cube/Repository/STM32Cube_FW_F4_V1.28.1/Drivers/CMSIS/Include -O0 -ffunction-sections -fdata-sections -Wall -fstack-usage -fcyclomatic-complexity -MMD -MP -MF"Core/Src/main.d" -MT"Core/Src/main.o" --specs=nano.specs -mfpu=fpv4-sp-d16 -mfloat-abi=hard -mthumb -o "Core/Src/main.o"
arm-none-eabi-gcc "../Core/Src/stm32f4xx_hal_msp.c" -mcpu=cortex-m4 -std=gnu11 -g3 -DDEBUG -DUSE_HAL_DRIVER -DSTM32F429xx -c -I../Core/Inc -IC:/Users/NXS/STM32Cube/Repository/STM32Cube_FW_F4_V1.28.1/Drivers/STM32F4xx_HAL_Driver/Inc -IC:/Users/NXS/STM32Cube/Repository/STM32Cube_FW_F4_V1.28.1/Drivers/STM32F4xx_HAL_Driver/Inc/Legacy -IC:/Users/NXS/STM32Cube/Repository/STM32Cube_FW_F4_V1.28.1/Drivers/CMSIS/Device/ST/STM32F4xx/Include -IC:/Users/NXS/STM32Cube/Repository/STM32Cube_FW_F4_V1.28.1/Drivers/CMSIS/Include -O0 -ffunction-sections -fdata-sections -Wall -fstack-usage -fcyclomatic-complexity -MMD -MP -MF"Core/Src/stm32f4xx_hal_msp.d" -MT"Core/Src/stm32f4xx_hal_msp.o" --specs=nano.specs -mfpu=fpv4-sp-d16 -mfloat-abi=hard -mthumb -o "Core/Src/stm32f4xx_hal_msp.o"
arm-none-eabi-gcc "../Core/Src/stm32f4xx_it.c" -mcpu=cortex-m4 -std=gnu11 -g3 -DDEBUG -DUSE_HAL_DRIVER -DSTM32F429xx -c -I../Core/Inc -IC:/Users/NXS/STM32Cube/Repository/STM32Cube_FW_F4_V1.28.1/Drivers/STM32F4xx_HAL_Driver/Inc -IC:/Users/NXS/STM32Cube/Repository/STM32Cube_FW_F4_V1.28.1/Drivers/STM32F4xx_HAL_Driver/Inc/Legacy -IC:/Users/NXS/STM32Cube/Repository/STM32Cube_FW_F4_V1.28.1/Drivers/CMSIS/Device/ST/STM32F4xx/Include -IC:/Users/NXS/STM32Cube/Repository/STM32Cube_FW_F4_V1.28.1/Drivers/CMSIS/Include -O0 -ffunction-sections -fdata-sections -Wall -fstack-usage -fcyclomatic-complexity -MMD -MP -MF"Core/Src/stm32f4xx_it.d" -MT"Core/Src/stm32f4xx_it.o" --specs=nano.specs -mfpu=fpv4-sp-d16 -mfloat-abi=hard -mthumb -o "Core/Src/stm32f4xx_it.o"
arm-none-eabi-gcc -o "I2C.elf" @"objects.list"   -mcpu=cortex-m4 -T"D:\DT\Learn\20252\6.HeNhung\he_nhung\BTLT\B12\STM32F429-I2C\STM32F429ZITX_FLASH.ld" --specs=nosys.specs -Wl,-Map="I2C.map" -Wl,--gc-sections -static --specs=nano.specs -mfpu=fpv4-sp-d16 -mfloat-abi=hard -mthumb -Wl,--start-group -lc -lm -Wl,--end-group
Finished building target: I2C.elf
 
arm-none-eabi-size  I2C.elf 
arm-none-eabi-objdump -h -S I2C.elf  > "I2C.list"
   text	   data	    bss	    dec	    hex	filename
  11272	     92	   1980	  13344	   3420	I2C.elf
Finished building: default.size.stdout
 
Finished building: I2C.list
 
